<html>
<body>
<pre>
<h1>µVision Build Log</h1>
<h2>Tool Versions:</h2>
IDE-Version: ¦ÌVision V5.39.0.0
Copyright (C) 2023 ARM Ltd and ARM Germany GmbH. All rights reserved.
License Information: abc HUAWEI, abc, LIC=8VRJ7-EU0GF-MMH9I-T2YV5-0AQN2-RBDLP
 
Tool Versions:
Toolchain:       MDK-ARM Plus  Version: 5.39.0.0
Toolchain Path:  D:\AppGallery\Software\Keil_v5\ARM\ARMCLANG\Bin
C Compiler:      ArmClang.exe V6.21
Assembler:       Armasm.exe V6.21
Linker/Locator:  ArmLink.exe V6.21
Library Manager: ArmAr.exe V6.21
Hex Converter:   FromElf.exe V6.21
CPU DLL:         SARMCM3.DLL V5.39.0.0
Dialog DLL:      DCM.DLL V1.17.5.0
Target DLL:      CMSIS_AGDI.dll V1.33.16.0
Dialog DLL:      TCM.DLL V1.56.4.0
 
<h2>Project:</h2>
E:\Myworkspace\PDB1.0\Firmware\PDB_firmware_full_240413\PDB_firmware\MDK-ARM\PDB_firmware.uvprojx
Project File Date:  04/12/2024

<h2>Output:</h2>
*** Using Compiler 'V6.21', folder: 'D:\AppGallery\Software\Keil_v5\ARM\ARMCLANG\Bin'
Build target 'PDB_firmware'
compiling stm32f4xx_it.c...
compiling can.c...
compiling tim.c...
compiling adc.c...
compiling stm32f4xx_hal_msp.c...
compiling usart.c...
compiling i2c.c...
compiling gpio.c...
compiling dma.c...
compiling main.c...
compiling freertos.c...
compiling stm32f4xx_hal_timebase_tim.c...
compiling stm32f4xx_ll_adc.c...
compiling stm32f4xx_hal_adc_ex.c...
compiling stm32f4xx_hal_rcc_ex.c...
compiling stm32f4xx_hal_adc.c...
compiling stm32f4xx_hal_flash.c...
compiling stm32f4xx_hal_flash_ramfunc.c...
compiling stm32f4xx_hal_rcc.c...
compiling stm32f4xx_hal_flash_ex.c...
compiling stm32f4xx_hal_gpio.c...
compiling stm32f4xx_hal_dma_ex.c...
compiling stm32f4xx_hal_pwr.c...
compiling stm32f4xx_hal_dma.c...
compiling stm32f4xx_hal_pwr_ex.c...
compiling stm32f4xx_hal.c...
compiling stm32f4xx_hal_cortex.c...
compiling stm32f4xx_hal_exti.c...
compiling stm32f4xx_hal_i2c_ex.c...
compiling system_stm32f4xx.c...
compiling stm32f4xx_hal_can.c...
compiling can_app.c...
compiling standby.c...
compiling oled_app.c...
compiling monitor_app.c...
compiling hsd_drive.c...
compiling stm32f4xx_hal_tim_ex.c...
compiling myusart.c...
compiling mycan.c...
compiling oledfont.c...
compiling croutine.c...
compiling voltage_monitor.c...
compiling event_groups.c...
compiling list.c...
compiling stm32f4xx_hal_uart.c...
compiling heap_4.c...
compiling port.c...
compiling stream_buffer.c...
compiling stm32f4xx_hal_tim.c...
compiling timers.c...
compiling oled.c...
compiling queue.c...
compiling stm32f4xx_hal_i2c.c...
compiling tasks.c...
compiling cmsis_os2.c...
linking...
Program Size: Code=44620 RO-data=4212 RW-data=44 ZI-data=22852  
FromELF: creating hex file...
"PDB_firmware\PDB_firmware.axf" - 0 Error(s), 0 Warning(s).

<h2>Software Packages used:</h2>

Package Vendor: ARM
                http://www.keil.com/pack/ARM.CMSIS.5.9.0.pack
                ARM::CMSIS@5.9.0
                CMSIS (Common Microcontroller Software Interface Standard)
   * Component: CORE Version: 5.6.0

Package Vendor: Keil
                https://www.keil.com/pack/Keil.STM32F4xx_DFP.2.17.1.pack
                Keil::STM32F4xx_DFP@2.17.1
                STMicroelectronics STM32F4 Series Device Support, Drivers and Examples

<h2>Collection of Component include folders:</h2>
  ./RTE/_PDB_firmware
  D:/AppGallery/Software/Keil_v5/Arm/Packs/ARM/CMSIS/5.9.0/CMSIS/Core/Include
  D:/AppGallery/Software/Keil_v5/Arm/Packs/Keil/STM32F4xx_DFP/2.17.1/Drivers/CMSIS/Device/ST/STM32F4xx/Include

<h2>Collection of Component Files used:</h2>

   * Component: ARM::CMSIS:CORE@5.6.0
      Include file:  CMSIS/Core/Include/tz_context.h
Build Time Elapsed:  00:00:03
</pre>
</body>
</html>
