Component: Arm Compiler for Embedded 6.21 Tool: armlink [5ec1fa00]

==============================================================================

Section Cross References

    startup_stm32f407xx.o(STACK) refers (Special) to heapauxi.o(.text) for __use_two_region_memory
    startup_stm32f407xx.o(HEAP) refers (Special) to heapauxi.o(.text) for __use_two_region_memory
    startup_stm32f407xx.o(RESET) refers (Special) to heapauxi.o(.text) for __use_two_region_memory
    startup_stm32f407xx.o(RESET) refers to startup_stm32f407xx.o(STACK) for __initial_sp
    startup_stm32f407xx.o(RESET) refers to startup_stm32f407xx.o(.text) for Reset_Handler
    startup_stm32f407xx.o(RESET) refers to stm32f4xx_it.o(.text.NMI_Handler) for NMI_Handler
    startup_stm32f407xx.o(RESET) refers to stm32f4xx_it.o(.text.HardFault_Handler) for HardFault_Handler
    startup_stm32f407xx.o(RESET) refers to stm32f4xx_it.o(.text.MemManage_Handler) for MemManage_Handler
    startup_stm32f407xx.o(RESET) refers to stm32f4xx_it.o(.text.BusFault_Handler) for BusFault_Handler
    startup_stm32f407xx.o(RESET) refers to stm32f4xx_it.o(.text.UsageFault_Handler) for UsageFault_Handler
    startup_stm32f407xx.o(RESET) refers to port.o(.text.SVC_Handler) for SVC_Handler
    startup_stm32f407xx.o(RESET) refers to stm32f4xx_it.o(.text.DebugMon_Handler) for DebugMon_Handler
    startup_stm32f407xx.o(RESET) refers to port.o(.text.PendSV_Handler) for PendSV_Handler
    startup_stm32f407xx.o(RESET) refers to cmsis_os2.o(.text.SysTick_Handler) for SysTick_Handler
    startup_stm32f407xx.o(RESET) refers to stm32f4xx_it.o(.text.EXTI0_IRQHandler) for EXTI0_IRQHandler
    startup_stm32f407xx.o(RESET) refers to stm32f4xx_it.o(.text.CAN1_RX0_IRQHandler) for CAN1_RX0_IRQHandler
    startup_stm32f407xx.o(RESET) refers to stm32f4xx_it.o(.text.TIM8_TRG_COM_TIM14_IRQHandler) for TIM8_TRG_COM_TIM14_IRQHandler
    startup_stm32f407xx.o(RESET) refers to stm32f4xx_it.o(.text.TIM6_DAC_IRQHandler) for TIM6_DAC_IRQHandler
    startup_stm32f407xx.o(RESET) refers to stm32f4xx_it.o(.text.DMA2_Stream0_IRQHandler) for DMA2_Stream0_IRQHandler
    startup_stm32f407xx.o(RESET) refers to stm32f4xx_it.o(.text.DMA2_Stream1_IRQHandler) for DMA2_Stream1_IRQHandler
    startup_stm32f407xx.o(RESET) refers to stm32f4xx_it.o(.text.DMA2_Stream2_IRQHandler) for DMA2_Stream2_IRQHandler
    startup_stm32f407xx.o(.text) refers (Special) to heapauxi.o(.text) for __use_two_region_memory
    startup_stm32f407xx.o(.text) refers to system_stm32f4xx.o(.text.SystemInit) for SystemInit
    startup_stm32f407xx.o(.text) refers to __main.o(!!!main) for __main
    startup_stm32f407xx.o(.text) refers to startup_stm32f407xx.o(HEAP) for Heap_Mem
    startup_stm32f407xx.o(.text) refers to startup_stm32f407xx.o(STACK) for Stack_Mem
    main.o(.ARM.exidx.text.count_one_bits) refers to main.o(.text.count_one_bits) for [Anonymous Symbol]
    main.o(.text.main) refers to stm32f4xx_hal.o(.text.HAL_Init) for HAL_Init
    main.o(.text.main) refers to main.o(.text.SystemClock_Config) for SystemClock_Config
    main.o(.text.main) refers to gpio.o(.text.MX_GPIO_Init) for MX_GPIO_Init
    main.o(.text.main) refers to dma.o(.text.MX_DMA_Init) for MX_DMA_Init
    main.o(.text.main) refers to adc.o(.text.MX_ADC1_Init) for MX_ADC1_Init
    main.o(.text.main) refers to adc.o(.text.MX_ADC2_Init) for MX_ADC2_Init
    main.o(.text.main) refers to adc.o(.text.MX_ADC3_Init) for MX_ADC3_Init
    main.o(.text.main) refers to can.o(.text.MX_CAN1_Init) for MX_CAN1_Init
    main.o(.text.main) refers to usart.o(.text.MX_USART1_UART_Init) for MX_USART1_UART_Init
    main.o(.text.main) refers to i2c.o(.text.MX_I2C1_Init) for MX_I2C1_Init
    main.o(.text.main) refers to tim.o(.text.MX_TIM3_Init) for MX_TIM3_Init
    main.o(.text.main) refers to tim.o(.text.MX_TIM6_Init) for MX_TIM6_Init
    main.o(.text.main) refers to tim.o(.text.MX_TIM4_Init) for MX_TIM4_Init
    main.o(.text.main) refers to cmsis_os2.o(.text.osKernelInitialize) for osKernelInitialize
    main.o(.text.main) refers to freertos.o(.text.MX_FREERTOS_Init) for MX_FREERTOS_Init
    main.o(.text.main) refers to cmsis_os2.o(.text.osKernelStart) for osKernelStart
    main.o(.ARM.exidx.text.main) refers to main.o(.text.main) for [Anonymous Symbol]
    main.o(.text.SystemClock_Config) refers to stm32f4xx_hal_rcc.o(.text.HAL_RCC_OscConfig) for HAL_RCC_OscConfig
    main.o(.text.SystemClock_Config) refers to stm32f4xx_hal_rcc.o(.text.HAL_RCC_ClockConfig) for HAL_RCC_ClockConfig
    main.o(.ARM.exidx.text.SystemClock_Config) refers to main.o(.text.SystemClock_Config) for [Anonymous Symbol]
    main.o(.ARM.exidx.text.Error_Handler) refers to main.o(.text.Error_Handler) for [Anonymous Symbol]
    main.o(.text.HAL_TIM_PeriodElapsedCallback) refers to stm32f4xx_hal.o(.text.HAL_IncTick) for HAL_IncTick
    main.o(.ARM.exidx.text.HAL_TIM_PeriodElapsedCallback) refers to main.o(.text.HAL_TIM_PeriodElapsedCallback) for [Anonymous Symbol]
[...]
    HAL_TIMEx_CommutCallback                 0x08004185   Thumb Code     2  stm32f4xx_hal_tim_ex.o(.text.HAL_TIMEx_CommutCallback)
    HAL_TIMEx_MasterConfigSynchronization    0x08004189   Thumb Code   186  stm32f4xx_hal_tim_ex.o(.text.HAL_TIMEx_MasterConfigSynchronization)
    HAL_TIM_Base_Init                        0x08004245   Thumb Code    90  stm32f4xx_hal_tim.o(.text.HAL_TIM_Base_Init)
    HAL_TIM_Base_MspInit                     0x080042a1   Thumb Code   162  tim.o(.text.HAL_TIM_Base_MspInit)
    HAL_TIM_Base_Start_IT                    0x08004345   Thumb Code   170  stm32f4xx_hal_tim.o(.text.HAL_TIM_Base_Start_IT)
    HAL_TIM_ConfigClockSource                0x080043f1   Thumb Code   416  stm32f4xx_hal_tim.o(.text.HAL_TIM_ConfigClockSource)
    HAL_TIM_IC_CaptureCallback               0x08004591   Thumb Code     2  stm32f4xx_hal_tim.o(.text.HAL_TIM_IC_CaptureCallback)
    HAL_TIM_IRQHandler                       0x08004595   Thumb Code   334  stm32f4xx_hal_tim.o(.text.HAL_TIM_IRQHandler)
    HAL_TIM_OC_DelayElapsedCallback          0x080046e5   Thumb Code     2  stm32f4xx_hal_tim.o(.text.HAL_TIM_OC_DelayElapsedCallback)
    HAL_TIM_PWM_ConfigChannel                0x080046e9   Thumb Code   548  stm32f4xx_hal_tim.o(.text.HAL_TIM_PWM_ConfigChannel)
    HAL_TIM_PWM_Init                         0x0800490d   Thumb Code    90  stm32f4xx_hal_tim.o(.text.HAL_TIM_PWM_Init)
    HAL_TIM_PWM_MspInit                      0x08004969   Thumb Code     2  stm32f4xx_hal_tim.o(.text.HAL_TIM_PWM_MspInit)
    HAL_TIM_PWM_PulseFinishedCallback        0x0800496d   Thumb Code     2  stm32f4xx_hal_tim.o(.text.HAL_TIM_PWM_PulseFinishedCallback)
    HAL_TIM_PWM_Start                        0x08004971   Thumb Code   286  stm32f4xx_hal_tim.o(.text.HAL_TIM_PWM_Start)
    HAL_TIM_PeriodElapsedCallback            0x08004a91   Thumb Code    20  main.o(.text.HAL_TIM_PeriodElapsedCallback)
    HAL_TIM_TriggerCallback                  0x08004aa5   Thumb Code     2  stm32f4xx_hal_tim.o(.text.HAL_TIM_TriggerCallback)
    HAL_UART_Init                            0x08004aa9   Thumb Code    96  stm32f4xx_hal_uart.o(.text.HAL_UART_Init)
    HAL_UART_MspInit                         0x08004b09   Thumb Code   108  usart.o(.text.HAL_UART_MspInit)
    HAL_UART_Transmit                        0x08004b75   Thumb Code   376  stm32f4xx_hal_uart.o(.text.HAL_UART_Transmit)
    HSD1_Monitor_App                         0x08004ced   Thumb Code   978  monitor_app.o(.text.HSD1_Monitor_App)
    HSD2_Monitor_App                         0x080050c1   Thumb Code   732  monitor_app.o(.text.HSD2_Monitor_App)
    HSD_Output_Enable_HSDs                   0x0800539d   Thumb Code   366  hsd_drive.o(.text.HSD_Output_Enable_HSDs)
    HSD_Start_Diagnosis_HSDs                 0x0800550d   Thumb Code   802  hsd_drive.o(.text.HSD_Start_Diagnosis_HSDs)
    HardFault_Handler                        0x08005831   Thumb Code     2  stm32f4xx_it.o(.text.HardFault_Handler)
    Int2String                               0x08005c51   Thumb Code   368  oled.o(.text.Int2String)
    MX_ADC1_Init                             0x08005dc1   Thumb Code   140  adc.o(.text.MX_ADC1_Init)
    MX_ADC2_Init                             0x08005e4d   Thumb Code   230  adc.o(.text.MX_ADC2_Init)
    MX_ADC3_Init                             0x08005f35   Thumb Code   230  adc.o(.text.MX_ADC3_Init)
    MX_CAN1_Init                             0x0800601d   Thumb Code    64  can.o(.text.MX_CAN1_Init)
    MX_DMA_Init                              0x0800605d   Thumb Code    88  dma.o(.text.MX_DMA_Init)
    MX_FREERTOS_Init                         0x080060b5   Thumb Code   496  freertos.o(.text.MX_FREERTOS_Init)
    MX_GPIO_Init                             0x080062bd   Thumb Code   388  gpio.o(.text.MX_GPIO_Init)
    MX_I2C1_Init                             0x08006441   Thumb Code    66  i2c.o(.text.MX_I2C1_Init)
    MX_TIM3_Init                             0x08006485   Thumb Code   258  tim.o(.text.MX_TIM3_Init)
    MX_TIM4_Init                             0x08006589   Thumb Code   118  tim.o(.text.MX_TIM4_Init)
    MX_TIM6_Init                             0x08006601   Thumb Code    80  tim.o(.text.MX_TIM6_Init)
    MX_USART1_UART_Init                      0x08006651   Thumb Code    60  usart.o(.text.MX_USART1_UART_Init)
    MemManage_Handler                        0x0800668d   Thumb Code     2  stm32f4xx_it.o(.text.MemManage_Handler)
    NMI_Handler                              0x08006691   Thumb Code     2  stm32f4xx_it.o(.text.NMI_Handler)
    OLED_FullyClear                          0x08006695   Thumb Code    26  oled.o(.text.OLED_FullyClear)
    OLED_Init                                0x080066b1   Thumb Code   700  oled.o(.text.OLED_Init)
    OLED_RefreshRAM                          0x0800696d   Thumb Code   178  oled.o(.text.OLED_RefreshRAM)
    OLED_ShowStr                             0x08006a21   Thumb Code  1086  oled.o(.text.OLED_ShowStr)
    Oled_App                                 0x08006e61   Thumb Code  1260  oled_app.o(.text.Oled_App)
    PendSV_Handler                           0x080073b1   Thumb Code   100  port.o(.text.PendSV_Handler)
    SVC_Handler                              0x08007421   Thumb Code    36  port.o(.text.SVC_Handler)
    Standby_App                              0x08007445   Thumb Code   184  standby.o(.text.Standby_App)
    Start_BAT_Detect_Task                    0x08007511   Thumb Code     4  freertos.o(.text.Start_BAT_Detect_Task)
    Start_CAN_Data_Send_Task                 0x08007515   Thumb Code     4  freertos.o(.text.Start_CAN_Data_Send_Task)
    Start_CAN_Error_Send_Task                0x08007519   Thumb Code     4  freertos.o(.text.Start_CAN_Error_Send_Task)
    Start_CAN_Receive_Task                   0x0800751d   Thumb Code     4  freertos.o(.text.Start_CAN_Receive_Task)
    Start_CPU_Task                           0x08007521   Thumb Code    10  freertos.o(.text.Start_CPU_Task)
    Start_DRS_Ctrl_Task                      0x0800752d   Thumb Code   100  freertos.o(.text.Start_DRS_Ctrl_Task)
    Start_HSD1_Diagnose_Task                 0x080075a1   Thumb Code     4  freertos.o(.text.Start_HSD1_Diagnose_Task)
    Start_HSD2_Diagnose_Task                 0x080075a5   Thumb Code     4  freertos.o(.text.Start_HSD2_Diagnose_Task)
    Start_HSD_Ctrl_Task                      0x080075a9   Thumb Code   188  freertos.o(.text.Start_HSD_Ctrl_Task)
    Start_OLED_Monitor_Task                  0x08007665   Thumb Code     4  freertos.o(.text.Start_OLED_Monitor_Task)
    Start_Standby_Task                       0x08007669   Thumb Code     4  freertos.o(.text.Start_Standby_Task)
    Start_Wakeup_Task                        0x0800766d   Thumb Code     4  freertos.o(.text.Start_Wakeup_Task)
    SysTick_Handler                          0x08007671   Thumb Code    30  cmsis_os2.o(.text.SysTick_Handler)
    SystemClock_Config                       0x08007691   Thumb Code   172  main.o(.text.SystemClock_Config)
    SystemInit                               0x0800773d   Thumb Code    18  system_stm32f4xx.o(.text.SystemInit)
    TIM6_DAC_IRQHandler                      0x08007751   Thumb Code    12  stm32f4xx_it.o(.text.TIM6_DAC_IRQHandler)
    TIM8_TRG_COM_TIM14_IRQHandler            0x0800775d   Thumb Code    12  stm32f4xx_it.o(.text.TIM8_TRG_COM_TIM14_IRQHandler)
    TIM_Base_SetConfig                       0x08007769   Thumb Code   332  stm32f4xx_hal_tim.o(.text.TIM_Base_SetConfig)
    UsageFault_Handler                       0x080079a5   Thumb Code     2  stm32f4xx_it.o(.text.UsageFault_Handler)
    Voltage_Detection                        0x080079a9   Thumb Code    22  voltage_monitor.o(.text.Voltage_Detection)
    Wakeup_App                               0x080079c1   Thumb Code    10  standby.o(.text.Wakeup_App)
    count_one_bits                           0x080079cd   Thumb Code    58  main.o(.text.count_one_bits)
    main                                     0x08007a09   Thumb Code    66  main.o(.text.main)
    myprintf                                 0x08007a4d   Thumb Code    84  myusart.o(.text.myprintf)
    osDelay                                  0x08007aa1   Thumb Code    32  cmsis_os2.o(.text.osDelay)
    osEventFlagsNew                          0x08007ac1   Thumb Code    40  cmsis_os2.o(.text.osEventFlagsNew)
    osKernelInitialize                       0x08007ae9   Thumb Code    40  cmsis_os2.o(.text.osKernelInitialize)
    osKernelStart                            0x08007b11   Thumb Code    60  cmsis_os2.o(.text.osKernelStart)
    osMessageQueueNew                        0x08007b4d   Thumb Code   138  cmsis_os2.o(.text.osMessageQueueNew)
    osSemaphoreNew                           0x08007bd9   Thumb Code   180  cmsis_os2.o(.text.osSemaphoreNew)
    osThreadNew                              0x08007c8d   Thumb Code   156  cmsis_os2.o(.text.osThreadNew)
    pvPortMalloc                             0x080085cd   Thumb Code   500  heap_4.o(.text.pvPortMalloc)
    pvTaskIncrementMutexHeldCount            0x080087c1   Thumb Code    24  tasks.o(.text.pvTaskIncrementMutexHeldCount)
    pxPortInitialiseStack                    0x080087d9   Thumb Code    36  port.o(.text.pxPortInitialiseStack)
    uxListRemove                             0x080087fd   Thumb Code    36  list.o(.text.uxListRemove)
    uxQueueMessagesWaiting                   0x08008821   Thumb Code    38  queue.o(.text.uxQueueMessagesWaiting)
    uxTaskResetEventItemValue                0x08008849   Thumb Code    26  tasks.o(.text.uxTaskResetEventItemValue)
    vApplicationGetIdleTaskMemory            0x08008865   Thumb Code    26  cmsis_os2.o(.text.vApplicationGetIdleTaskMemory)
    vApplicationGetTimerTaskMemory           0x08008881   Thumb Code    28  cmsis_os2.o(.text.vApplicationGetTimerTaskMemory)
    vEventGroupSetBitsCallback               0x0800889d   Thumb Code     4  event_groups.o(.text.vEventGroupSetBitsCallback)
    vListInitialise                          0x080088a1   Thumb Code    22  list.o(.text.vListInitialise)
    vListInitialiseItem                      0x080088b9   Thumb Code     6  list.o(.text.vListInitialiseItem)
    vListInsert                              0x080088c1   Thumb Code    98  list.o(.text.vListInsert)
    vListInsertEnd                           0x08008925   Thumb Code    28  list.o(.text.vListInsertEnd)
    vPortEnterCritical                       0x08008955   Thumb Code    70  port.o(.text.vPortEnterCritical)
    vPortExitCritical                        0x0800899d   Thumb Code    46  port.o(.text.vPortExitCritical)
    vPortFree                                0x080089cd   Thumb Code   212  heap_4.o(.text.vPortFree)
    vPortSetupTimerInterrupt                 0x08008aa1   Thumb Code    52  port.o(.text.vPortSetupTimerInterrupt)
    vPortValidateInterruptPriority           0x08008ad5   Thumb Code    94  port.o(.text.vPortValidateInterruptPriority)
    vQueueAddToRegistry                      0x08008b35   Thumb Code   176  queue.o(.text.vQueueAddToRegistry)
    vQueueDelete                             0x08008be5   Thumb Code   168  queue.o(.text.vQueueDelete)
    vQueueWaitForMessageRestricted           0x08008c8d   Thumb Code    82  queue.o(.text.vQueueWaitForMessageRestricted)
    vTaskDelay                               0x08008ce1   Thumb Code   128  tasks.o(.text.vTaskDelay)
    vTaskInternalSetTimeOutState             0x08008d61   Thumb Code    18  tasks.o(.text.vTaskInternalSetTimeOutState)
    vTaskMissedYield                         0x08008d75   Thumb Code    14  tasks.o(.text.vTaskMissedYield)
    vTaskPlaceOnEventList                    0x08008d85   Thumb Code   116  tasks.o(.text.vTaskPlaceOnEventList)
    vTaskPlaceOnEventListRestricted          0x08008df9   Thumb Code   122  tasks.o(.text.vTaskPlaceOnEventListRestricted)
    vTaskPlaceOnUnorderedEventList           0x08008e75   Thumb Code   148  tasks.o(.text.vTaskPlaceOnUnorderedEventList)
    vTaskPriorityDisinheritAfterTimeout      0x08008f09   Thumb Code   162  tasks.o(.text.vTaskPriorityDisinheritAfterTimeout)
    vTaskRemoveFromUnorderedEventList        0x08008fad   Thumb Code   122  tasks.o(.text.vTaskRemoveFromUnorderedEventList)
    vTaskStartScheduler                      0x08009029   Thumb Code   232  tasks.o(.text.vTaskStartScheduler)
    vTaskSuspendAll                          0x08009119   Thumb Code    16  tasks.o(.text.vTaskSuspendAll)
    vTaskSwitchContext                       0x08009129   Thumb Code   188  tasks.o(.text.vTaskSwitchContext)
    xEventGroupCreate                        0x080091e5   Thumb Code    28  event_groups.o(.text.xEventGroupCreate)
    xEventGroupCreateStatic                  0x08009201   Thumb Code    78  event_groups.o(.text.xEventGroupCreateStatic)
    xEventGroupSetBits                       0x08009251   Thumb Code   158  event_groups.o(.text.xEventGroupSetBits)
    xEventGroupSetBitsFromISR                0x080092f1   Thumb Code    18  event_groups.o(.text.xEventGroupSetBitsFromISR)
    xEventGroupWaitBits                      0x08009305   Thumb Code   304  event_groups.o(.text.xEventGroupWaitBits)
    xPortStartScheduler                      0x08009435   Thumb Code   392  port.o(.text.xPortStartScheduler)
    xPortSysTickHandler                      0x080095bd   Thumb Code    46  port.o(.text.xPortSysTickHandler)
    xQueueCreateCountingSemaphore            0x080095ed   Thumb Code   150  queue.o(.text.xQueueCreateCountingSemaphore)
    xQueueCreateCountingSemaphoreStatic      0x08009685   Thumb Code   194  queue.o(.text.xQueueCreateCountingSemaphoreStatic)
    xQueueGenericCreate                      0x08009749   Thumb Code   134  queue.o(.text.xQueueGenericCreate)
    xQueueGenericCreateStatic                0x080097d1   Thumb Code   222  queue.o(.text.xQueueGenericCreateStatic)
    xQueueGenericSend                        0x080098b1   Thumb Code   700  queue.o(.text.xQueueGenericSend)
    xQueueGenericSendFromISR                 0x08009b6d   Thumb Code   330  queue.o(.text.xQueueGenericSendFromISR)
    xQueueReceive                            0x08009cb9   Thumb Code   574  queue.o(.text.xQueueReceive)
    xQueueSemaphoreTake                      0x08009ef9   Thumb Code   650  queue.o(.text.xQueueSemaphoreTake)
    xTaskCheckForTimeOut                     0x0800a185   Thumb Code   150  tasks.o(.text.xTaskCheckForTimeOut)
    xTaskCreate                              0x0800a21d   Thumb Code    96  tasks.o(.text.xTaskCreate)
    xTaskCreateStatic                        0x0800a27d   Thumb Code   118  tasks.o(.text.xTaskCreateStatic)
    xTaskGetSchedulerState                   0x0800a2f5   Thumb Code    30  tasks.o(.text.xTaskGetSchedulerState)
    xTaskGetTickCount                        0x0800a315   Thumb Code    12  tasks.o(.text.xTaskGetTickCount)
    xTaskIncrementTick                       0x0800a321   Thumb Code   260  tasks.o(.text.xTaskIncrementTick)
    xTaskPriorityDisinherit                  0x0800a425   Thumb Code   138  tasks.o(.text.xTaskPriorityDisinherit)
    xTaskPriorityInherit                     0x0800a4b1   Thumb Code   146  tasks.o(.text.xTaskPriorityInherit)
    xTaskRemoveFromEventList                 0x0800a545   Thumb Code   114  tasks.o(.text.xTaskRemoveFromEventList)
    xTaskResumeAll                           0x0800a5b9   Thumb Code   238  tasks.o(.text.xTaskResumeAll)
    xTimerCreateTimerTask                    0x0800a6a9   Thumb Code   172  timers.o(.text.xTimerCreateTimerTask)
    xTimerPendFunctionCallFromISR            0x0800a75d   Thumb Code    42  timers.o(.text.xTimerPendFunctionCallFromISR)
    _btod_d2e                                0x0800a787   Thumb Code    62  btod.o(CL$$btod_d2e)
    _d2e_denorm_low                          0x0800a7c5   Thumb Code    70  btod.o(CL$$btod_d2e_denorm_low)
    _d2e_norm_op1                            0x0800a80b   Thumb Code    96  btod.o(CL$$btod_d2e_norm_op1)
    __btod_div_common                        0x0800a86d   Thumb Code   696  btod.o(CL$$btod_div_common)
    _e2e                                     0x0800aba5   Thumb Code   220  btod.o(CL$$btod_e2e)
    _btod_ediv                               0x0800ac81   Thumb Code    42  btod.o(CL$$btod_ediv)
    _btod_emul                               0x0800acab   Thumb Code    42  btod.o(CL$$btod_emul)
    __btod_mult_common                       0x0800acd5   Thumb Code   580  btod.o(CL$$btod_mult_common)
    __ARM_fpclassify                         0x0800af19   Thumb Code    48  fpclassify.o(i.__ARM_fpclassify)
    _is_digit                                0x0800af49   Thumb Code    14  __printf_wp.o(i._is_digit)
    _get_lc_numeric                          0x0800af59   Thumb Code    44  lc_numeric_c.o(locale$$code)
    _get_lc_ctype                            0x0800af85   Thumb Code    44  lc_ctype_c.o(locale$$code)
    _fp_init                                 0x0800afb1   Thumb Code    26  fpinit.o(x$fpl$fpinit)
    __fplib_config_fpu_vfp                   0x0800afc9   Thumb Code     0  fpinit.o(x$fpl$fpinit)
    __fplib_config_pureend_doubles           0x0800afc9   Thumb Code     0  fpinit.o(x$fpl$fpinit)
    _printf_fp_dec                           0x0800afcb   Thumb Code     4  printf1.o(x$fpl$printf1)
    _printf_fp_hex                           0x0800afcf   Thumb Code     4  printf2.o(x$fpl$printf2)
    __I$use$fp                               0x0800afd2   Number         0  usenofp.o(x$fpl$usenofp)
    AHBPrescTable                            0x0800b0d0   Data          16  system_stm32f4xx.o(.rodata.AHBPrescTable)
    APBPrescTable                            0x0800b0e0   Data           8  system_stm32f4xx.o(.rodata.APBPrescTable)
    AVDataQueue_attributes                   0x0800b0e8   Data          24  freertos.o(.rodata.AVDataQueue_attributes)
    AVErrorQueue_attributes                  0x0800b100   Data          24  freertos.o(.rodata.AVErrorQueue_attributes)
    BATdetectTask_attributes                 0x0800b118   Data          36  freertos.o(.rodata.BATdetectTask_attributes)
    CANreceiveTask_attributes                0x0800b13c   Data          36  freertos.o(.rodata.CANreceiveTask_attributes)
    CPUTask_attributes                       0x0800b160   Data          36  freertos.o(.rodata.CPUTask_attributes)
    CanDataSendTask_attributes               0x0800b184   Data          36  freertos.o(.rodata.CanDataSendTask_attributes)
    CanErrorSendTas_attributes               0x0800b1a8   Data          36  freertos.o(.rodata.CanErrorSendTas_attributes)
    CanReceiveEvent_attributes               0x0800b1cc   Data          16  freertos.o(.rodata.CanReceiveEvent_attributes)
    CanReceiveQueue_attributes               0x0800b1dc   Data          24  freertos.o(.rodata.CanReceiveQueue_attributes)
    DRSctrlTask_attributes                   0x0800b1f4   Data          36  freertos.o(.rodata.DRSctrlTask_attributes)
    F6x8                                     0x0800b218   Data         552  oledfont.o(.rodata.F6x8)
    F8X16                                    0x0800b440   Data        1520  oledfont.o(.rodata.F8X16)
    HSD1diagnosTask_attributes               0x0800ba30   Data          36  freertos.o(.rodata.HSD1diagnosTask_attributes)
    HSD2diagnosTask_attributes               0x0800ba54   Data          36  freertos.o(.rodata.HSD2diagnosTask_attributes)
    HSDctrlTask_attributes                   0x0800ba78   Data          36  freertos.o(.rodata.HSDctrlTask_attributes)
    MonitorAnalyzeEvent_attributes           0x0800ba9c   Data          16  freertos.o(.rodata.MonitorAnalyzeEvent_attributes)
    OLEDmonitorTask_attributes               0x0800baac   Data          36  freertos.o(.rodata.OLEDmonitorTask_attributes)
    OLEDoccupiedSem_attributes               0x0800bad0   Data          16  freertos.o(.rodata.OLEDoccupiedSem_attributes)
    OLEDtoCANerrorSend_attributes            0x0800bae0   Data          24  freertos.o(.rodata.OLEDtoCANerrorSend_attributes)
    StandbyTask_attributes                   0x0800baf8   Data          36  freertos.o(.rodata.StandbyTask_attributes)
    WakeupTask_attributes                    0x0800bb1c   Data          36  freertos.o(.rodata.WakeupTask_attributes)
    Region$$Table$$Base                      0x0800bd74   Number         0  anon$$obj.o(Region$$Table)
    Region$$Table$$Limit                     0x0800bd94   Number         0  anon$$obj.o(Region$$Table)
    __ctype                                  0x0800bdbd   Data           0  lc_ctype_c.o(locale$$data)
    uwTickFreq                               0x20000000   Data           1  stm32f4xx_hal.o(.data..L_MergedGlobals)
    uwTickPrio                               0x20000004   Data           4  stm32f4xx_hal.o(.data..L_MergedGlobals)
    Oled_First_Text                          0x20000008   Data           8  oled_app.o(.data..L_MergedGlobals)
    Oled_Text_Buffer                         0x20000010   Data          20  oled_app.o(.data..L_MergedGlobals)
    SystemCoreClock                          0x20000024   Data           4  system_stm32f4xx.o(.data.SystemCoreClock)
    __libspace_start                         0x20000030   Data          96  libspace.o(.bss)
    OLEDoccupiedSemHandle                    0x20000090   Data           4  freertos.o(.bss..L_MergedGlobals)
    __temporary_stack_top$libspace           0x20000090   Data           0  libspace.o(.bss)
    AVDataQueueHandle                        0x20000094   Data           4  freertos.o(.bss..L_MergedGlobals)
    AVErrorQueueHandle                       0x20000098   Data           4  freertos.o(.bss..L_MergedGlobals)
    CanReceiveQueueHandle                    0x2000009c   Data           4  freertos.o(.bss..L_MergedGlobals)
    OLEDtoCANerrorSendHandle                 0x200000a0   Data           4  freertos.o(.bss..L_MergedGlobals)
    CanErrorSendTasHandle                    0x200000a4   Data           4  freertos.o(.bss..L_MergedGlobals)
    BATdetectTaskHandle                      0x200000a8   Data           4  freertos.o(.bss..L_MergedGlobals)
    OLEDmonitorTaskHandle                    0x200000ac   Data           4  freertos.o(.bss..L_MergedGlobals)
    CanDataSendTaskHandle                    0x200000b0   Data           4  freertos.o(.bss..L_MergedGlobals)
    CANreceiveTaskHandle                     0x200000b4   Data           4  freertos.o(.bss..L_MergedGlobals)
    HSDctrlTaskHandle                        0x200000b8   Data           4  freertos.o(.bss..L_MergedGlobals)
    DRSctrlTaskHandle                        0x200000bc   Data           4  freertos.o(.bss..L_MergedGlobals)
    WakeupTaskHandle                         0x200000c0   Data           4  freertos.o(.bss..L_MergedGlobals)
    StandbyTaskHandle                        0x200000c4   Data           4  freertos.o(.bss..L_MergedGlobals)
    HSD1diagnosTaskHandle                    0x200000c8   Data           4  freertos.o(.bss..L_MergedGlobals)
    HSD2diagnosTaskHandle                    0x200000cc   Data           4  freertos.o(.bss..L_MergedGlobals)
    CPUTaskHandle                            0x200000d0   Data           4  freertos.o(.bss..L_MergedGlobals)
    MonitorAnalyzeEventHandle                0x200000d4   Data           4  freertos.o(.bss..L_MergedGlobals)
    CanReceiveEventHandle                    0x200000d8   Data           4  freertos.o(.bss..L_MergedGlobals)
    now_HSD1_channelx                        0x200000dc   Data           1  hsd_drive.o(.bss..L_MergedGlobals)
    now_HSD2_channelx                        0x200000dd   Data           1  hsd_drive.o(.bss..L_MergedGlobals)
    ADC2_Data                                0x200000de   Data          10  hsd_drive.o(.bss..L_MergedGlobals)
    ADC3_Data                                0x200000e8   Data          10  hsd_drive.o(.bss..L_MergedGlobals)
    pxCurrentTCB                             0x200000f4   Data           4  tasks.o(.bss..L_MergedGlobals)
    ADC1_Data                                0x200001f8   Data           4  voltage_monitor.o(.bss.ADC1_Data)
    RxHeader                                 0x20000610   Data          28  mycan.o(.bss.RxHeader)
    TxBuf                                    0x2000062c   Data         256  myusart.o(.bss.TxBuf)
    TxHeader                                 0x2000072c   Data          24  mycan.o(.bss.TxHeader)
    hadc1                                    0x20000744   Data          72  adc.o(.bss.hadc1)
    hadc2                                    0x2000078c   Data          72  adc.o(.bss.hadc2)
    hadc3                                    0x200007d4   Data          72  adc.o(.bss.hadc3)
    hcan1                                    0x2000081c   Data          40  can.o(.bss.hcan1)
    hdma_adc1                                0x20000844   Data          96  adc.o(.bss.hdma_adc1)
    hdma_adc2                                0x200008a4   Data          96  adc.o(.bss.hdma_adc2)
    hdma_adc3                                0x20000904   Data          96  adc.o(.bss.hdma_adc3)
    hi2c1                                    0x20000964   Data          84  i2c.o(.bss.hi2c1)
    htim14                                   0x200009b8   Data          72  stm32f4xx_hal_timebase_tim.o(.bss.htim14)
    htim3                                    0x20000a00   Data          72  tim.o(.bss.htim3)
    htim4                                    0x20000a48   Data          72  tim.o(.bss.htim4)
    htim6                                    0x20000a90   Data          72  tim.o(.bss.htim6)
    huart1                                   0x20000ad8   Data          72  usart.o(.bss.huart1)
    uwTick                                   0x20004c70   Data           4  stm32f4xx_hal.o(.bss.uwTick)
    xQueueRegistry                           0x2000532c   Data          64  queue.o(.bss.xQueueRegistry)



==============================================================================

Memory Map of the image

  Image Entry point : 0x08000189

  Load Region LR_IROM1 (Base: 0x08000000, Size: 0x0000bef0, Max: 0x00080000, ABSOLUTE)

    Execution Region ER_IROM1 (Exec base: 0x08000000, Load base: 0x08000000, Size: 0x0000bec0, Max: 0x00080000, ABSOLUTE)

    Exec Addr    Load Addr    Size         Type   Attr      Idx    E Section Name        Object

    0x08000000   0x08000000   0x00000188   Data   RO            3    RESET               startup_stm32f407xx.o
    0x08000188   0x08000188   0x00000008   Code   RO         2184  * !!!main             c_w.l(__main.o)
    0x08000190   0x08000190   0x0000005c   Code   RO         2533    !!!scatter          c_w.l(__scatter.o)
    0x080001ec   0x080001ec   0x0000001a   Code   RO         2537    !!handler_copy      c_w.l(__scatter_copy.o)
    0x08000206   0x08000206   0x00000002   PAD
    0x08000208   0x08000208   0x00000002   Code   RO         2534    !!handler_null      c_w.l(__scatter.o)
    0x0800020a   0x0800020a   0x00000002   PAD
    0x0800020c   0x0800020c   0x0000001c   Code   RO         2539    !!handler_zi        c_w.l(__scatter_zi.o)
    0x08000228   0x08000228   0x00000000   Code   RO         2272    .ARM.Collect$$_printf_percent$$00000000  c_w.l(_printf_percent.o)
    0x08000228   0x08000228   0x00000006   Code   RO         2261    .ARM.Collect$$_printf_percent$$00000001  c_w.l(_printf_n.o)
    0x0800022e   0x0800022e   0x00000006   Code   RO         2263    .ARM.Collect$$_printf_percent$$00000002  c_w.l(_printf_p.o)
    0x08000234   0x08000234   0x00000006   Code   RO         2268    .ARM.Collect$$_printf_percent$$00000003  c_w.l(_printf_f.o)
    0x0800023a   0x0800023a   0x00000006   Code   RO         2269    .ARM.Collect$$_printf_percent$$00000004  c_w.l(_printf_e.o)
    0x08000240   0x08000240   0x00000006   Code   RO         2270    .ARM.Collect$$_printf_percent$$00000005  c_w.l(_printf_g.o)
    0x08000246   0x08000246   0x00000006   Code   RO         2271    .ARM.Collect$$_printf_percent$$00000006  c_w.l(_printf_a.o)
    0x0800024c   0x0800024c   0x0000000a   Code   RO         2276    .ARM.Collect$$_printf_percent$$00000007  c_w.l(_printf_ll.o)
    0x08000256   0x08000256   0x00000006   Code   RO         2265    .ARM.Collect$$_printf_percent$$00000008  c_w.l(_printf_i.o)
    0x0800025c   0x0800025c   0x00000006   Code   RO         2266    .ARM.Collect$$_printf_percent$$00000009  c_w.l(_printf_d.o)
    0x08000262   0x08000262   0x00000006   Code   RO         2267    .ARM.Collect$$_printf_percent$$0000000A  c_w.l(_printf_u.o)
    0x08000268   0x08000268   0x00000006   Code   RO         2264    .ARM.Collect$$_printf_percent$$0000000B  c_w.l(_printf_o.o)
    0x0800026e   0x0800026e   0x00000006   Code   RO         2262    .ARM.Collect$$_printf_percent$$0000000C  c_w.l(_printf_x.o)
    0x08000274   0x08000274   0x00000006   Code   RO         2273    .ARM.Collect$$_printf_percent$$0000000D  c_w.l(_printf_lli.o)
    0x0800027a   0x0800027a   0x00000006   Code   RO         2274    .ARM.Collect$$_printf_percent$$0000000E  c_w.l(_printf_lld.o)
    0x08000280   0x08000280   0x00000006   Code   RO         2275    .ARM.Collect$$_printf_percent$$0000000F  c_w.l(_printf_llu.o)
    0x08000286   0x08000286   0x00000006   Code   RO         2280    .ARM.Collect$$_printf_percent$$00000010  c_w.l(_printf_llo.o)
    0x0800028c   0x0800028c   0x00000006   Code   RO         2281    .ARM.Collect$$_printf_percent$$00000011  c_w.l(_printf_llx.o)
    0x08000292   0x08000292   0x0000000a   Code   RO         2277    .ARM.Collect$$_printf_percent$$00000012  c_w.l(_printf_l.o)
    0x0800029c   0x0800029c   0x00000006   Code   RO         2259    .ARM.Collect$$_printf_percent$$00000013  c_w.l(_printf_c.o)
    0x080002a2   0x080002a2   0x00000006   Code   RO         2260    .ARM.Collect$$_printf_percent$$00000014  c_w.l(_printf_s.o)
    0x080002a8   0x080002a8   0x00000006   Code   RO         2278    .ARM.Collect$$_printf_percent$$00000015  c_w.l(_printf_lc.o)
    0x080002ae   0x080002ae   0x00000006   Code   RO         2279    .ARM.Collect$$_printf_percent$$00000016  c_w.l(_printf_ls.o)
    0x080002b4   0x080002b4   0x00000004   Code   RO         2326    .ARM.Collect$$_printf_percent$$00000017  c_w.l(_printf_percent_end.o)
    0x080002b8   0x080002b8   0x00000002   Code   RO         2381    .ARM.Collect$$libinit$$00000000  c_w.l(libinit.o)
    0x080002ba   0x080002ba   0x00000004   Code   RO         2405    .ARM.Collect$$libinit$$00000001  c_w.l(libinit2.o)
    0x080002be   0x080002be   0x00000000   Code   RO         2408    .ARM.Collect$$libinit$$00000004  c_w.l(libinit2.o)
    0x080002be   0x080002be   0x00000000   Code   RO         2410    .ARM.Collect$$libinit$$00000006  c_w.l(libinit2.o)
    0x080002be   0x080002be   0x00000000   Code   RO         2413    .ARM.Collect$$libinit$$0000000C  c_w.l(libinit2.o)
    0x080002be   0x080002be   0x00000000   Code   RO         2415    .ARM.Collect$$libinit$$0000000E  c_w.l(libinit2.o)
    0x080002be   0x080002be   0x00000000   Code   RO         2417    .ARM.Collect$$libinit$$00000010  c_w.l(libinit2.o)
    0x080002be   0x080002be   0x00000006   Code   RO         2418    .ARM.Collect$$libinit$$00000011  c_w.l(libinit2.o)
    0x080002c4   0x080002c4   0x00000000   Code   RO         2420    .ARM.Collect$$libinit$$00000013  c_w.l(libinit2.o)
    0x080002c4   0x080002c4   0x0000000c   Code   RO         2421    .ARM.Collect$$libinit$$00000014  c_w.l(libinit2.o)
    0x080002d0   0x080002d0   0x00000000   Code   RO         2422    .ARM.Collect$$libinit$$00000015  c_w.l(libinit2.o)
    0x080002d0   0x080002d0   0x00000000   Code   RO         2424    .ARM.Collect$$libinit$$00000017  c_w.l(libinit2.o)
    0x080002d0   0x080002d0   0x0000000a   Code   RO         2425    .ARM.Collect$$libinit$$00000018  c_w.l(libinit2.o)
    0x080002da   0x080002da   0x00000000   Code   RO         2426    .ARM.Collect$$libinit$$00000019  c_w.l(libinit2.o)
    0x080002da   0x080002da   0x00000000   Code   RO         2428    .ARM.Collect$$libinit$$0000001B  c_w.l(libinit2.o)
    0x080002da   0x080002da   0x00000000   Code   RO         2430    .ARM.Collect$$libinit$$0000001D  c_w.l(libinit2.o)
    0x080002da   0x080002da   0x00000000   Code   RO         2432    .ARM.Collect$$libinit$$0000001F  c_w.l(libinit2.o)
    0x080002da   0x080002da   0x00000000   Code   RO         2434    .ARM.Collect$$libinit$$00000021  c_w.l(libinit2.o)
    0x080002da   0x080002da   0x00000000   Code   RO         2436    .ARM.Collect$$libinit$$00000023  c_w.l(libinit2.o)
    0x080002da   0x080002da   0x00000000   Code   RO         2438    .ARM.Collect$$libinit$$00000025  c_w.l(libinit2.o)
    0x080002da   0x080002da   0x00000000   Code   RO         2440    .ARM.Collect$$libinit$$00000027  c_w.l(libinit2.o)
    0x080002da   0x080002da   0x00000000   Code   RO         2444    .ARM.Collect$$libinit$$0000002E  c_w.l(libinit2.o)
    0x080002da   0x080002da   0x00000000   Code   RO         2446    .ARM.Collect$$libinit$$00000030  c_w.l(libinit2.o)
    0x080002da   0x080002da   0x00000000   Code   RO         2448    .ARM.Collect$$libinit$$00000032  c_w.l(libinit2.o)
    0x080002da   0x080002da   0x00000000   Code   RO         2450    .ARM.Collect$$libinit$$00000034  c_w.l(libinit2.o)
    0x080002da   0x080002da   0x00000002   Code   RO         2451    .ARM.Collect$$libinit$$00000035  c_w.l(libinit2.o)
    0x080002dc   0x080002dc   0x00000002   Code   RO         2488    .ARM.Collect$$libshutdown$$00000000  c_w.l(libshutdown.o)
    0x080002de   0x080002de   0x00000000   Code   RO         2516    .ARM.Collect$$libshutdown$$00000002  c_w.l(libshutdown2.o)
    0x080002de   0x080002de   0x00000000   Code   RO         2518    .ARM.Collect$$libshutdown$$00000004  c_w.l(libshutdown2.o)
    0x080002de   0x080002de   0x00000000   Code   RO         2521    .ARM.Collect$$libshutdown$$00000007  c_w.l(libshutdown2.o)
    0x080002de   0x080002de   0x00000000   Code   RO         2524    .ARM.Collect$$libshutdown$$0000000A  c_w.l(libshutdown2.o)
    0x080002de   0x080002de   0x00000000   Code   RO         2526    .ARM.Collect$$libshutdown$$0000000C  c_w.l(libshutdown2.o)
    0x080002de   0x080002de   0x00000000   Code   RO         2529    .ARM.Collect$$libshutdown$$0000000F  c_w.l(libshutdown2.o)
    0x080002de   0x080002de   0x00000002   Code   RO         2530    .ARM.Collect$$libshutdown$$00000010  c_w.l(libshutdown2.o)
    0x080002e0   0x080002e0   0x00000000   Code   RO         2186    .ARM.Collect$$rtentry$$00000000  c_w.l(__rtentry.o)
    0x080002e0   0x080002e0   0x00000000   Code   RO         2293    .ARM.Collect$$rtentry$$00000002  c_w.l(__rtentry2.o)
    0x080002e0   0x080002e0   0x00000006   Code   RO         2305    .ARM.Collect$$rtentry$$00000004  c_w.l(__rtentry4.o)
    0x080002e6   0x080002e6   0x00000000   Code   RO         2295    .ARM.Collect$$rtentry$$00000009  c_w.l(__rtentry2.o)
    0x080002e6   0x080002e6   0x00000004   Code   RO         2296    .ARM.Collect$$rtentry$$0000000A  c_w.l(__rtentry2.o)
    0x080002ea   0x080002ea   0x00000000   Code   RO         2298    .ARM.Collect$$rtentry$$0000000C  c_w.l(__rtentry2.o)
    0x080002ea   0x080002ea   0x00000008   Code   RO         2299    .ARM.Collect$$rtentry$$0000000D  c_w.l(__rtentry2.o)
    0x080002f2   0x080002f2   0x00000002   Code   RO         2390    .ARM.Collect$$rtexit$$00000000  c_w.l(rtexit.o)
    0x080002f4   0x080002f4   0x00000000   Code   RO         2457    .ARM.Collect$$rtexit$$00000002  c_w.l(rtexit2.o)
    0x080002f4   0x080002f4   0x00000004   Code   RO         2458    .ARM.Collect$$rtexit$$00000003  c_w.l(rtexit2.o)
    0x080002f8   0x080002f8   0x00000006   Code   RO         2459    .ARM.Collect$$rtexit$$00000004  c_w.l(rtexit2.o)
    0x080002fe   0x080002fe   0x00000002   PAD
    0x08000300   0x08000300   0x00000040   Code   RO            4    .text               startup_stm32f407xx.o
    0x08000340   0x08000340   0x000000f0   Code   RO         2166    .text               c_w.l(lludivv7m.o)
    0x08000430   0x08000430   0x0000003c   Code   RO         2168    .text               c_w.l(vsnprintf.o)
    0x0800046c   0x0800046c   0x0000003e   Code   RO         2170    .text               c_w.l(strlen.o)
    0x080004aa   0x080004aa   0x0000008a   Code   RO         2172    .text               c_w.l(rt_memcpy_v6.o)
    0x08000534   0x08000534   0x00000010   Code   RO         2176    .text               c_w.l(aeabi_memset4.o)
    0x08000544   0x08000544   0x0000004e   Code   RO         2180    .text               c_w.l(rt_memclr_w.o)
    0x08000592   0x08000592   0x00000006   Code   RO         2182    .text               c_w.l(heapauxi.o)
    0x08000598   0x08000598   0x0000004e   Code   RO         2193    .text               c_w.l(_printf_pad.o)
    0x080005e6   0x080005e6   0x00000024   Code   RO         2195    .text               c_w.l(_printf_truncate.o)
    0x0800060a   0x0800060a   0x00000052   Code   RO         2197    .text               c_w.l(_printf_str.o)
    0x0800065c   0x0800065c   0x00000078   Code   RO         2199    .text               c_w.l(_printf_dec.o)
    0x080006d4   0x080006d4   0x00000028   Code   RO         2201    .text               c_w.l(_printf_charcount.o)
    0x080006fc   0x080006fc   0x00000030   Code   RO         2203    .text               c_w.l(_printf_char_common.o)
    0x0800072c   0x0800072c   0x00000010   Code   RO         2205    .text               c_w.l(_snputc.o)
    0x0800073c   0x0800073c   0x000000bc   Code   RO         2207    .text               c_w.l(_printf_wctomb.o)
    0x080007f8   0x080007f8   0x0000007c   Code   RO         2210    .text               c_w.l(_printf_longlong_dec.o)
    0x08000874   0x08000874   0x00000070   Code   RO         2216    .text               c_w.l(_printf_oct_int_ll.o)
    0x080008e4   0x080008e4   0x00000094   Code   RO         2236    .text               c_w.l(_printf_hex_int_ll_ptr.o)
    0x08000978   0x08000978   0x00000188   Code   RO         2256    .text               c_w.l(__printf_flags_ss_wp.o)
    0x08000b00   0x08000b00   0x00000064   Code   RO         2282    .text               c_w.l(rt_memcpy_w.o)
    0x08000b64   0x08000b64   0x0000008a   Code   RO         2309    .text               c_w.l(lludiv10.o)
    0x08000bee   0x08000bee   0x000000b2   Code   RO         2311    .text               c_w.l(_printf_intcommon.o)
    0x08000ca0   0x08000ca0   0x0000041c   Code   RO         2313    .text               c_w.l(_printf_fp_dec.o)
    0x080010bc   0x080010bc   0x000002fc   Code   RO         2317    .text               c_w.l(_printf_fp_hex.o)
    0x080013b8   0x080013b8   0x0000002c   Code   RO         2322    .text               c_w.l(_printf_char.o)
    0x080013e4   0x080013e4   0x0000002c   Code   RO         2324    .text               c_w.l(_printf_wchar.o)
    0x08001410   0x08001410   0x00000048   Code   RO         2327    .text               c_w.l(_c16rtomb.o)
    0x08001458   0x08001458   0x0000004a   Code   RO         2329    .text               c_w.l(sys_stackheap_outer.o)
    0x080014a2   0x080014a2   0x00000002   PAD
    0x080014a4   0x080014a4   0x00000010   Code   RO         2331    .text               c_w.l(rt_ctype_table.o)
    0x080014b4   0x080014b4   0x00000008   Code   RO         2336    .text               c_w.l(rt_locale_intlibspace.o)
    0x080014bc   0x080014bc   0x00000080   Code   RO         2338    .text               c_w.l(_printf_fp_infnan.o)
    0x0800153c   0x0800153c   0x000000e4   Code   RO         2340    .text               c_w.l(bigflt0.o)
    0x08001620   0x08001620   0x00000012   Code   RO         2370    .text               c_w.l(exit.o)
    0x08001632   0x08001632   0x00000002   PAD
    0x08001634   0x08001634   0x00000008   Code   RO         2387    .text               c_w.l(libspace.o)
    0x0800163c   0x0800163c   0x00000004   PAD
    0x08001640   0x08001640   0x0000007c   Code   RO         2403    .text               c_w.l(strcmpv7em.o)
    0x080016bc   0x080016bc   0x0000000c   Code   RO         2452    .text               c_w.l(sys_exit.o)
    0x080016c8   0x080016c8   0x00000002   Code   RO         2477    .text               c_w.l(use_no_semi.o)
    0x080016ca   0x080016ca   0x00000000   Code   RO         2479    .text               c_w.l(indicate_semi.o)
    0x080016ca   0x080016ca   0x00000002   PAD
    0x080016cc   0x080016cc   0x0000006e   Code   RO          286    .text.ADC_DMAConvCplt  stm32f4xx_hal_adc.o
    0x0800173a   0x0800173a   0x00000002   PAD
    0x0800173c   0x0800173c   0x00000012   Code   RO          290    .text.ADC_DMAError  stm32f4xx_hal_adc.o
    0x0800174e   0x0800174e   0x00000002   PAD
    0x08001750   0x08001750   0x00000006   Code   RO          288    .text.ADC_DMAHalfConvCplt  stm32f4xx_hal_adc.o
    0x08001756   0x08001756   0x00000002   PAD
    0x08001758   0x08001758   0x00000134   Code   RO         1440    .text.BAT_Monitor_App  monitor_app.o
    0x0800188c   0x0800188c   0x00000002   Code   RO          202    .text.BusFault_Handler  stm32f4xx_it.o
    0x0800188e   0x0800188e   0x00000002   PAD
    0x08001890   0x08001890   0x0000000c   Code   RO          210    .text.CAN1_RX0_IRQHandler  stm32f4xx_it.o
    0x0800189c   0x0800189c   0x000004c8   Code   RO         1409    .text.CAN_Data_Send_App  can_app.o
    0x08001d64   0x08001d64   0x0000008c   Code   RO         1411    .text.CAN_Error_Send_App  can_app.o
    0x08001df0   0x08001df0   0x0000004a   Code   RO         1485    .text.CAN_Init      mycan.o
    0x08001e3a   0x08001e3a   0x00000002   PAD
    0x08001e3c   0x08001e3c   0x000000f8   Code   RO         1413    .text.CAN_Recv_App  can_app.o
    0x08001f34   0x08001f34   0x00000060   Code   RO         1489    .text.CAN_Transmit  mycan.o
    0x08001f94   0x08001f94   0x0000000c   Code   RO          216    .text.DMA2_Stream0_IRQHandler  stm32f4xx_it.o
    0x08001fa0   0x08001fa0   0x0000000c   Code   RO          218    .text.DMA2_Stream1_IRQHandler  stm32f4xx_it.o
    0x08001fac   0x08001fac   0x0000000c   Code   RO          220    .text.DMA2_Stream2_IRQHandler  stm32f4xx_it.o
    0x08001fb8   0x08001fb8   0x00000002   Code   RO          206    .text.DebugMon_Handler  stm32f4xx_it.o
    0x08001fba   0x08001fba   0x00000002   PAD
    0x08001fbc   0x08001fbc   0x00000006   Code   RO          208    .text.EXTI0_IRQHandler  stm32f4xx_it.o
    0x08001fc2   0x08001fc2   0x00000002   PAD
    0x08001fc4   0x08001fc4   0x00000006   Code   RO           17    .text.Error_Handler  main.o
    0x08001fca   0x08001fca   0x00000002   PAD
    0x08001fcc   0x08001fcc   0x00000146   Code   RO          298    .text.HAL_ADC_ConfigChannel  stm32f4xx_hal_adc.o
    0x08002112   0x08002112   0x00000002   PAD
    0x08002114   0x08002114   0x000000ac   Code   RO         1442    .text.HAL_ADC_ConvCpltCallback  monitor_app.o
    0x080021c0   0x080021c0   0x00000002   Code   RO          296    .text.HAL_ADC_ConvHalfCpltCallback  stm32f4xx_hal_adc.o
    0x080021c2   0x080021c2   0x00000002   PAD
    0x080021c4   0x080021c4   0x00000014   Code   RO         1444    .text.HAL_ADC_ErrorCallback  monitor_app.o
    0x080021d8   0x080021d8   0x0000015e   Code   RO          256    .text.HAL_ADC_Init  stm32f4xx_hal_adc.o
    0x08002336   0x08002336   0x00000002   PAD
    0x08002338   0x08002338   0x000001fc   Code   RO          101    .text.HAL_ADC_MspInit  adc.o
    0x08002534   0x08002534   0x000001a0   Code   RO          284    .text.HAL_ADC_Start_DMA  stm32f4xx_hal_adc.o
    0x080026d4   0x080026d4   0x0000006e   Code   RO          292    .text.HAL_ADC_Stop_DMA  stm32f4xx_hal_adc.o
    0x08002742   0x08002742   0x00000002   PAD
    0x08002744   0x08002744   0x0000002e   Code   RO          768    .text.HAL_CAN_ActivateNotification  stm32f4xx_hal_can.o
    0x08002772   0x08002772   0x00000002   PAD
    0x08002774   0x08002774   0x000000a8   Code   RO          754    .text.HAL_CAN_AddTxMessage  stm32f4xx_hal_can.o
    0x0800281c   0x0800281c   0x000000de   Code   RO          744    .text.HAL_CAN_ConfigFilter  stm32f4xx_hal_can.o
    0x080028fa   0x080028fa   0x00000002   PAD
    0x080028fc   0x080028fc   0x00000002   Code   RO          798    .text.HAL_CAN_ErrorCallback  stm32f4xx_hal_can.o
    0x080028fe   0x080028fe   0x00000002   PAD
    0x08002900   0x08002900   0x0000012a   Code   RO          764    .text.HAL_CAN_GetRxMessage  stm32f4xx_hal_can.o
    0x08002a2a   0x08002a2a   0x00000002   PAD
    0x08002a2c   0x08002a2c   0x0000025e   Code   RO          772    .text.HAL_CAN_IRQHandler  stm32f4xx_hal_can.o
    0x08002c8a   0x08002c8a   0x00000002   PAD
    0x08002c8c   0x08002c8c   0x000000f4   Code   RO          734    .text.HAL_CAN_Init  stm32f4xx_hal_can.o
    0x08002d80   0x08002d80   0x0000007e   Code   RO          121    .text.HAL_CAN_MspInit  can.o
    0x08002dfe   0x08002dfe   0x00000002   PAD
    0x08002e00   0x08002e00   0x00000002   Code   RO          786    .text.HAL_CAN_RxFifo0FullCallback  stm32f4xx_hal_can.o
    0x08002e02   0x08002e02   0x00000002   PAD
    0x08002e04   0x08002e04   0x000000ae   Code   RO         1415    .text.HAL_CAN_RxFifo0MsgPendingCallback  can_app.o
    0x08002eb2   0x08002eb2   0x00000002   PAD
    0x08002eb4   0x08002eb4   0x00000002   Code   RO          790    .text.HAL_CAN_RxFifo1FullCallback  stm32f4xx_hal_can.o
    0x08002eb6   0x08002eb6   0x00000002   PAD
    0x08002eb8   0x08002eb8   0x00000002   Code   RO          792    .text.HAL_CAN_RxFifo1MsgPendingCallback  stm32f4xx_hal_can.o
    0x08002eba   0x08002eba   0x00000002   PAD
    0x08002ebc   0x08002ebc   0x00000002   Code   RO          794    .text.HAL_CAN_SleepCallback  stm32f4xx_hal_can.o
    0x08002ebe   0x08002ebe   0x00000002   PAD
    0x08002ec0   0x08002ec0   0x0000005a   Code   RO          746    .text.HAL_CAN_Start  stm32f4xx_hal_can.o
    0x08002f1a   0x08002f1a   0x00000002   PAD
    0x08002f1c   0x08002f1c   0x00000002   Code   RO          776    .text.HAL_CAN_TxMailbox0AbortCallback  stm32f4xx_hal_can.o
    0x08002f1e   0x08002f1e   0x00000002   PAD
    0x08002f20   0x08002f20   0x00000002   Code   RO          774    .text.HAL_CAN_TxMailbox0CompleteCallback  stm32f4xx_hal_can.o
    0x08002f22   0x08002f22   0x00000002   PAD
    0x08002f24   0x08002f24   0x00000002   Code   RO          780    .text.HAL_CAN_TxMailbox1AbortCallback  stm32f4xx_hal_can.o
    0x08002f26   0x08002f26   0x00000002   PAD
    0x08002f28   0x08002f28   0x00000002   Code   RO          778    .text.HAL_CAN_TxMailbox1CompleteCallback  stm32f4xx_hal_can.o
    0x08002f2a   0x08002f2a   0x00000002   PAD
    0x08002f2c   0x08002f2c   0x00000002   Code   RO          784    .text.HAL_CAN_TxMailbox2AbortCallback  stm32f4xx_hal_can.o
    0x08002f2e   0x08002f2e   0x00000002   PAD
    0x08002f30   0x08002f30   0x00000002   Code   RO          782    .text.HAL_CAN_TxMailbox2CompleteCallback  stm32f4xx_hal_can.o
    0x08002f32   0x08002f32   0x00000002   PAD
    0x08002f34   0x08002f34   0x00000002   Code   RO          796    .text.HAL_CAN_WakeUpFromRxMsgCallback  stm32f4xx_hal_can.o
    0x08002f36   0x08002f36   0x00000002   PAD
    0x08002f38   0x08002f38   0x0000008e   Code   RO          509    .text.HAL_DMA_Abort  stm32f4xx_hal_dma.o
    0x08002fc6   0x08002fc6   0x00000002   PAD
    0x08002fc8   0x08002fc8   0x000001c0   Code   RO          515    .text.HAL_DMA_IRQHandler  stm32f4xx_hal_dma.o
    0x08003188   0x08003188   0x00000162   Code   RO          501    .text.HAL_DMA_Init  stm32f4xx_hal_dma.o
    0x080032ea   0x080032ea   0x00000002   PAD
    0x080032ec   0x080032ec   0x000000a2   Code   RO          507    .text.HAL_DMA_Start_IT  stm32f4xx_hal_dma.o
    0x0800338e   0x0800338e   0x00000002   PAD
    0x08003390   0x08003390   0x00000020   Code   RO         1459    .text.HAL_GPIO_EXTI_Callback  standby.o
    0x080033b0   0x080033b0   0x00000016   Code   RO          475    .text.HAL_GPIO_EXTI_IRQHandler  stm32f4xx_hal_gpio.o
    0x080033c6   0x080033c6   0x00000002   PAD
    0x080033c8   0x080033c8   0x0000019e   Code   RO          463    .text.HAL_GPIO_Init  stm32f4xx_hal_gpio.o
    0x08003566   0x08003566   0x00000002   PAD
    0x08003568   0x08003568   0x0000000a   Code   RO          467    .text.HAL_GPIO_ReadPin  stm32f4xx_hal_gpio.o
    0x08003572   0x08003572   0x00000002   PAD
    0x08003574   0x08003574   0x0000000a   Code   RO          469    .text.HAL_GPIO_WritePin  stm32f4xx_hal_gpio.o
    0x0800357e   0x0800357e   0x00000002   PAD
    0x08003580   0x08003580   0x0000000c   Code   RO          656    .text.HAL_GetTick   stm32f4xx_hal.o
    0x0800358c   0x0800358c   0x00000164   Code   RO          814    .text.HAL_I2C_Init  stm32f4xx_hal_i2c.o
    0x080036f0   0x080036f0   0x000001dc   Code   RO          822    .text.HAL_I2C_Master_Transmit  stm32f4xx_hal_i2c.o
    0x080038cc   0x080038cc   0x0000006c   Code   RO          145    .text.HAL_I2C_MspInit  i2c.o
    0x08003938   0x08003938   0x0000001a   Code   RO          654    .text.HAL_IncTick   stm32f4xx_hal.o
    0x08003952   0x08003952   0x00000002   PAD
    0x08003954   0x08003954   0x00000036   Code   RO          644    .text.HAL_Init      stm32f4xx_hal.o
    0x0800398a   0x0800398a   0x00000002   PAD
    0x0800398c   0x0800398c   0x000000bc   Code   RO          241    .text.HAL_InitTick  stm32f4xx_hal_timebase_tim.o
    0x08003a48   0x08003a48   0x00000042   Code   RO          232    .text.HAL_MspInit   stm32f4xx_hal_msp.o
    0x08003a8a   0x08003a8a   0x00000002   PAD
    0x08003a8c   0x08003a8c   0x00000022   Code   RO          600    .text.HAL_NVIC_EnableIRQ  stm32f4xx_hal_cortex.o
    0x08003aae   0x08003aae   0x00000002   PAD
    0x08003ab0   0x08003ab0   0x00000056   Code   RO          598    .text.HAL_NVIC_SetPriority  stm32f4xx_hal_cortex.o
    0x08003b06   0x08003b06   0x00000002   PAD
    0x08003b08   0x08003b08   0x00000020   Code   RO          596    .text.HAL_NVIC_SetPriorityGrouping  stm32f4xx_hal_cortex.o
    0x08003b28   0x08003b28   0x00000012   Code   RO          548    .text.HAL_PWR_DisableWakeUpPin  stm32f4xx_hal_pwr.o
    0x08003b3a   0x08003b3a   0x00000002   PAD
    0x08003b3c   0x08003b3c   0x00000010   Code   RO          546    .text.HAL_PWR_EnableWakeUpPin  stm32f4xx_hal_pwr.o
    0x08003b4c   0x08003b4c   0x00000024   Code   RO          554    .text.HAL_PWR_EnterSTANDBYMode  stm32f4xx_hal_pwr.o
    0x08003b70   0x08003b70   0x00000164   Code   RO          357    .text.HAL_RCC_ClockConfig  stm32f4xx_hal_rcc.o
    0x08003cd4   0x08003cd4   0x0000003e   Code   RO          375    .text.HAL_RCC_GetClockConfig  stm32f4xx_hal_rcc.o
    0x08003d12   0x08003d12   0x00000002   PAD
    0x08003d14   0x08003d14   0x00000026   Code   RO          369    .text.HAL_RCC_GetPCLK1Freq  stm32f4xx_hal_rcc.o
    0x08003d3a   0x08003d3a   0x00000002   PAD
    0x08003d3c   0x08003d3c   0x00000026   Code   RO          371    .text.HAL_RCC_GetPCLK2Freq  stm32f4xx_hal_rcc.o
    0x08003d62   0x08003d62   0x00000002   PAD
    0x08003d64   0x08003d64   0x0000006a   Code   RO          359    .text.HAL_RCC_GetSysClockFreq  stm32f4xx_hal_rcc.o
    0x08003dce   0x08003dce   0x00000002   PAD
    0x08003dd0   0x08003dd0   0x000003b0   Code   RO          355    .text.HAL_RCC_OscConfig  stm32f4xx_hal_rcc.o
    0x08004180   0x08004180   0x00000002   Code   RO         1258    .text.HAL_TIMEx_BreakCallback  stm32f4xx_hal_tim_ex.o
    0x08004182   0x08004182   0x00000002   PAD
    0x08004184   0x08004184   0x00000002   Code   RO         1254    .text.HAL_TIMEx_CommutCallback  stm32f4xx_hal_tim_ex.o
    0x08004186   0x08004186   0x00000002   PAD
    0x08004188   0x08004188   0x000000ba   Code   RO         1248    .text.HAL_TIMEx_MasterConfigSynchronization  stm32f4xx_hal_tim_ex.o
    0x08004242   0x08004242   0x00000002   PAD
    0x08004244   0x08004244   0x0000005a   Code   RO          953    .text.HAL_TIM_Base_Init  stm32f4xx_hal_tim.o
    0x0800429e   0x0800429e   0x00000002   PAD
    0x080042a0   0x080042a0   0x000000a2   Code   RO          166    .text.HAL_TIM_Base_MspInit  tim.o
    0x08004342   0x08004342   0x00000002   PAD
    0x08004344   0x08004344   0x000000aa   Code   RO          967    .text.HAL_TIM_Base_Start_IT  stm32f4xx_hal_tim.o
    0x080043ee   0x080043ee   0x00000002   PAD
    0x080043f0   0x080043f0   0x000001a0   Code   RO         1133    .text.HAL_TIM_ConfigClockSource  stm32f4xx_hal_tim.o
    0x08004590   0x08004590   0x00000002   Code   RO         1089    .text.HAL_TIM_IC_CaptureCallback  stm32f4xx_hal_tim.o
    0x08004592   0x08004592   0x00000002   PAD
    0x08004594   0x08004594   0x0000014e   Code   RO         1087    .text.HAL_TIM_IRQHandler  stm32f4xx_hal_tim.o
    0x080046e2   0x080046e2   0x00000002   PAD
    0x080046e4   0x080046e4   0x00000002   Code   RO         1091    .text.HAL_TIM_OC_DelayElapsedCallback  stm32f4xx_hal_tim.o
    0x080046e6   0x080046e6   0x00000002   PAD
    0x080046e8   0x080046e8   0x00000224   Code   RO         1107    .text.HAL_TIM_PWM_ConfigChannel  stm32f4xx_hal_tim.o
    0x0800490c   0x0800490c   0x0000005a   Code   RO         1007    .text.HAL_TIM_PWM_Init  stm32f4xx_hal_tim.o
    0x08004966   0x08004966   0x00000002   PAD
    0x08004968   0x08004968   0x00000002   Code   RO         1009    .text.HAL_TIM_PWM_MspInit  stm32f4xx_hal_tim.o
    0x0800496a   0x0800496a   0x00000002   PAD
    0x0800496c   0x0800496c   0x00000002   Code   RO         1093    .text.HAL_TIM_PWM_PulseFinishedCallback  stm32f4xx_hal_tim.o
    0x0800496e   0x0800496e   0x00000002   PAD
    0x08004970   0x08004970   0x0000011e   Code   RO         1015    .text.HAL_TIM_PWM_Start  stm32f4xx_hal_tim.o
    0x08004a8e   0x08004a8e   0x00000002   PAD
    0x08004a90   0x08004a90   0x00000014   Code   RO           19    .text.HAL_TIM_PeriodElapsedCallback  main.o
    0x08004aa4   0x08004aa4   0x00000002   Code   RO         1097    .text.HAL_TIM_TriggerCallback  stm32f4xx_hal_tim.o
    0x08004aa6   0x08004aa6   0x00000002   PAD
    0x08004aa8   0x08004aa8   0x00000060   Code   RO         1272    .text.HAL_UART_Init  stm32f4xx_hal_uart.o
    0x08004b08   0x08004b08   0x0000006c   Code   RO          183    .text.HAL_UART_MspInit  usart.o
    0x08004b74   0x08004b74   0x00000178   Code   RO         1288    .text.HAL_UART_Transmit  stm32f4xx_hal_uart.o
    0x08004cec   0x08004cec   0x000003d2   Code   RO         1436    .text.HSD1_Monitor_App  monitor_app.o
    0x080050be   0x080050be   0x00000002   PAD
    0x080050c0   0x080050c0   0x000002dc   Code   RO         1438    .text.HSD2_Monitor_App  monitor_app.o
    0x0800539c   0x0800539c   0x0000016e   Code   RO         1469    .text.HSD_Output_Enable_HSDs  hsd_drive.o
    0x0800550a   0x0800550a   0x00000002   PAD
    0x0800550c   0x0800550c   0x00000322   Code   RO         1473    .text.HSD_Start_Diagnosis_HSDs  hsd_drive.o
    0x0800582e   0x0800582e   0x00000002   PAD
    0x08005830   0x08005830   0x00000002   Code   RO          198    .text.HardFault_Handler  stm32f4xx_it.o
    0x08005832   0x08005832   0x00000002   PAD
    0x08005834   0x08005834   0x000000ba   Code   RO          828    .text.I2C_WaitOnBTFFlagUntilTimeout  stm32f4xx_hal_i2c.o
    0x080058ee   0x080058ee   0x00000002   PAD
    0x080058f0   0x080058f0   0x000001ca   Code   RO          824    .text.I2C_WaitOnFlagUntilTimeout  stm32f4xx_hal_i2c.o
    0x08005aba   0x08005aba   0x00000002   PAD
    0x08005abc   0x08005abc   0x000000d6   Code   RO          942    .text.I2C_WaitOnMasterAddressFlagUntilTimeout  stm32f4xx_hal_i2c.o
    0x08005b92   0x08005b92   0x00000002   PAD
    0x08005b94   0x08005b94   0x000000ba   Code   RO          826    .text.I2C_WaitOnTXEFlagUntilTimeout  stm32f4xx_hal_i2c.o
    0x08005c4e   0x08005c4e   0x00000002   PAD
    0x08005c50   0x08005c50   0x00000170   Code   RO         1560    .text.Int2String    oled.o
    0x08005dc0   0x08005dc0   0x0000008c   Code   RO           95    .text.MX_ADC1_Init  adc.o
    0x08005e4c   0x08005e4c   0x000000e6   Code   RO           97    .text.MX_ADC2_Init  adc.o
    0x08005f32   0x08005f32   0x00000002   PAD
    0x08005f34   0x08005f34   0x000000e6   Code   RO           99    .text.MX_ADC3_Init  adc.o
    0x0800601a   0x0800601a   0x00000002   PAD
    0x0800601c   0x0800601c   0x00000040   Code   RO          119    .text.MX_CAN1_Init  can.o
    0x0800605c   0x0800605c   0x00000058   Code   RO          134    .text.MX_DMA_Init   dma.o
    0x080060b4   0x080060b4   0x00000208   Code   RO           40    .text.MX_FREERTOS_Init  freertos.o
    0x080062bc   0x080062bc   0x00000184   Code   RO           30    .text.MX_GPIO_Init  gpio.o
    0x08006440   0x08006440   0x00000042   Code   RO          143    .text.MX_I2C1_Init  i2c.o
    0x08006482   0x08006482   0x00000002   PAD
    0x08006484   0x08006484   0x00000102   Code   RO          158    .text.MX_TIM3_Init  tim.o
    0x08006586   0x08006586   0x00000002   PAD
    0x08006588   0x08006588   0x00000076   Code   RO          162    .text.MX_TIM4_Init  tim.o
    0x080065fe   0x080065fe   0x00000002   PAD
    0x08006600   0x08006600   0x00000050   Code   RO          164    .text.MX_TIM6_Init  tim.o
    0x08006650   0x08006650   0x0000003c   Code   RO          181    .text.MX_USART1_UART_Init  usart.o
    0x0800668c   0x0800668c   0x00000002   Code   RO          200    .text.MemManage_Handler  stm32f4xx_it.o
    0x0800668e   0x0800668e   0x00000002   PAD
    0x08006690   0x08006690   0x00000002   Code   RO          196    .text.NMI_Handler   stm32f4xx_it.o
    0x08006692   0x08006692   0x00000002   PAD
    0x08006694   0x08006694   0x0000001a   Code   RO         1520    .text.OLED_FullyClear  oled.o
    0x080066ae   0x080066ae   0x00000002   PAD
    0x080066b0   0x080066b0   0x000002bc   Code   RO         1518    .text.OLED_Init     oled.o
    0x0800696c   0x0800696c   0x000000b2   Code   RO         1528    .text.OLED_RefreshRAM  oled.o
    0x08006a1e   0x08006a1e   0x00000002   PAD
    0x08006a20   0x08006a20   0x0000043e   Code   RO         1554    .text.OLED_ShowStr  oled.o
    0x08006e5e   0x08006e5e   0x00000002   PAD
    0x08006e60   0x08006e60   0x00000548   Code   RO         1426    .text.Oled_App      oled_app.o
    0x080073a8   0x080073a8   0x00000008   PAD
    0x080073b0   0x080073b0   0x00000064   Code   RO         2149    .text.PendSV_Handler  port.o
    0x08007414   0x08007414   0x0000000c   PAD
    0x08007420   0x08007420   0x00000024   Code   RO         2133    .text.SVC_Handler   port.o
    0x08007444   0x08007444   0x000000cc   Code   RO         1457    .text.Standby_App   standby.o
    0x08007510   0x08007510   0x00000004   Code   RO           44    .text.Start_BAT_Detect_Task  freertos.o
    0x08007514   0x08007514   0x00000004   Code   RO           48    .text.Start_CAN_Data_Send_Task  freertos.o
    0x08007518   0x08007518   0x00000004   Code   RO           42    .text.Start_CAN_Error_Send_Task  freertos.o
    0x0800751c   0x0800751c   0x00000004   Code   RO           50    .text.Start_CAN_Receive_Task  freertos.o
    0x08007520   0x08007520   0x0000000a   Code   RO           64    .text.Start_CPU_Task  freertos.o
    0x0800752a   0x0800752a   0x00000002   PAD
    0x0800752c   0x0800752c   0x00000074   Code   RO           54    .text.Start_DRS_Ctrl_Task  freertos.o
    0x080075a0   0x080075a0   0x00000004   Code   RO           60    .text.Start_HSD1_Diagnose_Task  freertos.o
    0x080075a4   0x080075a4   0x00000004   Code   RO           62    .text.Start_HSD2_Diagnose_Task  freertos.o
    0x080075a8   0x080075a8   0x000000bc   Code   RO           52    .text.Start_HSD_Ctrl_Task  freertos.o
    0x08007664   0x08007664   0x00000004   Code   RO           46    .text.Start_OLED_Monitor_Task  freertos.o
    0x08007668   0x08007668   0x00000004   Code   RO           58    .text.Start_Standby_Task  freertos.o
    0x0800766c   0x0800766c   0x00000004   Code   RO           56    .text.Start_Wakeup_Task  freertos.o
    0x08007670   0x08007670   0x0000001e   Code   RO         1944    .text.SysTick_Handler  cmsis_os2.o
    0x0800768e   0x0800768e   0x00000002   PAD
    0x08007690   0x08007690   0x000000ac   Code   RO           15    .text.SystemClock_Config  main.o
    0x0800773c   0x0800773c   0x00000012   Code   RO         1394    .text.SystemInit    system_stm32f4xx.o
    0x0800774e   0x0800774e   0x00000002   PAD
    0x08007750   0x08007750   0x0000000c   Code   RO          214    .text.TIM6_DAC_IRQHandler  stm32f4xx_it.o
    0x0800775c   0x0800775c   0x0000000c   Code   RO          212    .text.TIM8_TRG_COM_TIM14_IRQHandler  stm32f4xx_it.o
    0x08007768   0x08007768   0x0000014c   Code   RO          957    .text.TIM_Base_SetConfig  stm32f4xx_hal_tim.o
    0x080078b4   0x080078b4   0x000000ee   Code   RO         1276    .text.UART_SetConfig  stm32f4xx_hal_uart.o
    0x080079a2   0x080079a2   0x00000002   PAD
    0x080079a4   0x080079a4   0x00000002   Code   RO          204    .text.UsageFault_Handler  stm32f4xx_it.o
    0x080079a6   0x080079a6   0x00000002   PAD
    0x080079a8   0x080079a8   0x00000016   Code   RO         1574    .text.Voltage_Detection  voltage_monitor.o
    0x080079be   0x080079be   0x00000002   PAD
    0x080079c0   0x080079c0   0x0000000a   Code   RO         1455    .text.Wakeup_App    standby.o
    0x080079ca   0x080079ca   0x00000002   PAD
    0x080079cc   0x080079cc   0x0000003a   Code   RO           11    .text.count_one_bits  main.o
    0x08007a06   0x08007a06   0x00000002   PAD
    0x08007a08   0x08007a08   0x00000042   Code   RO           13    .text.main          main.o
    0x08007a4a   0x08007a4a   0x00000002   PAD
    0x08007a4c   0x08007a4c   0x00000054   Code   RO         1502    .text.myprintf      myusart.o
    0x08007aa0   0x08007aa0   0x00000020   Code   RO         2004    .text.osDelay       cmsis_os2.o
    0x08007ac0   0x08007ac0   0x00000028   Code   RO         2022    .text.osEventFlagsNew  cmsis_os2.o
    0x08007ae8   0x08007ae8   0x00000028   Code   RO         1946    .text.osKernelInitialize  cmsis_os2.o
    0x08007b10   0x08007b10   0x0000003c   Code   RO         1952    .text.osKernelStart  cmsis_os2.o
    0x08007b4c   0x08007b4c   0x0000008a   Code   RO         2054    .text.osMessageQueueNew  cmsis_os2.o
    0x08007bd6   0x08007bd6   0x00000002   PAD
    0x08007bd8   0x08007bd8   0x000000b4   Code   RO         2044    .text.osSemaphoreNew  cmsis_os2.o
    0x08007c8c   0x08007c8c   0x0000009c   Code   RO         1968    .text.osThreadNew   cmsis_os2.o
    0x08007d28   0x08007d28   0x0000028a   Code   RO         1779    .text.prvAddNewTaskToReadyList  tasks.o
    0x08007fb2   0x08007fb2   0x00000002   PAD
    0x08007fb4   0x08007fb4   0x00000086   Code   RO         1811    .text.prvIdleTask   tasks.o
    0x0800803a   0x0800803a   0x00000002   PAD
    0x0800803c   0x0800803c   0x00000128   Code   RO         1777    .text.prvInitialiseNewTask  tasks.o
    0x08008164   0x08008164   0x00000028   Code   RO         2141    .text.prvPortStartFirstTask  port.o
    0x0800818c   0x0800818c   0x0000003e   Code   RO         2131    .text.prvTaskExitError  port.o
    0x080081ca   0x080081ca   0x00000002   PAD
    0x080081cc   0x080081cc   0x0000038a   Code   RO         1896    .text.prvTimerTask  timers.o
    0x08008556   0x08008556   0x00000002   PAD
    0x08008558   0x08008558   0x00000074   Code   RO         1678    .text.prvUnlockQueue  queue.o
    0x080085cc   0x080085cc   0x000001f4   Code   RO         2107    .text.pvPortMalloc  heap_4.o
    0x080087c0   0x080087c0   0x00000018   Code   RO         1867    .text.pvTaskIncrementMutexHeldCount  tasks.o
    0x080087d8   0x080087d8   0x00000024   Code   RO         2129    .text.pxPortInitialiseStack  port.o
    0x080087fc   0x080087fc   0x00000024   Code   RO         1642    .text.uxListRemove  list.o
    0x08008820   0x08008820   0x00000026   Code   RO         1692    .text.uxQueueMessagesWaiting  queue.o
    0x08008846   0x08008846   0x00000002   PAD
    0x08008848   0x08008848   0x0000001a   Code   RO         1865    .text.uxTaskResetEventItemValue  tasks.o
    0x08008862   0x08008862   0x00000002   PAD
    0x08008864   0x08008864   0x0000001a   Code   RO         2090    .text.vApplicationGetIdleTaskMemory  cmsis_os2.o
    0x0800887e   0x0800887e   0x00000002   PAD
    0x08008880   0x08008880   0x0000001c   Code   RO         2092    .text.vApplicationGetTimerTaskMemory  cmsis_os2.o
    0x0800889c   0x0800889c   0x00000004   Code   RO         1618    .text.vEventGroupSetBitsCallback  event_groups.o
    0x080088a0   0x080088a0   0x00000016   Code   RO         1634    .text.vListInitialise  list.o
    0x080088b6   0x080088b6   0x00000002   PAD
    0x080088b8   0x080088b8   0x00000006   Code   RO         1636    .text.vListInitialiseItem  list.o
    0x080088be   0x080088be   0x00000002   PAD
    0x080088c0   0x080088c0   0x00000062   Code   RO         1640    .text.vListInsert   list.o
    0x08008922   0x08008922   0x00000002   PAD
    0x08008924   0x08008924   0x0000001c   Code   RO         1638    .text.vListInsertEnd  list.o
    0x08008940   0x08008940   0x00000014   Code   RO         2139    .text.vPortEnableVFP  port.o
    0x08008954   0x08008954   0x00000046   Code   RO         2145    .text.vPortEnterCritical  port.o
    0x0800899a   0x0800899a   0x00000002   PAD
    0x0800899c   0x0800899c   0x0000002e   Code   RO         2147    .text.vPortExitCritical  port.o
    0x080089ca   0x080089ca   0x00000002   PAD
    0x080089cc   0x080089cc   0x000000d4   Code   RO         2109    .text.vPortFree     heap_4.o
    0x08008aa0   0x08008aa0   0x00000034   Code   RO         2137    .text.vPortSetupTimerInterrupt  port.o
    0x08008ad4   0x08008ad4   0x0000005e   Code   RO         2153    .text.vPortValidateInterruptPriority  port.o
    0x08008b32   0x08008b32   0x00000002   PAD
    0x08008b34   0x08008b34   0x000000b0   Code   RO         1712    .text.vQueueAddToRegistry  queue.o
    0x08008be4   0x08008be4   0x000000a8   Code   RO         1698    .text.vQueueDelete  queue.o
    0x08008c8c   0x08008c8c   0x00000052   Code   RO         1716    .text.vQueueWaitForMessageRestricted  queue.o
    0x08008cde   0x08008cde   0x00000002   PAD
    0x08008ce0   0x08008ce0   0x00000080   Code   RO         1791    .text.vTaskDelay    tasks.o
    0x08008d60   0x08008d60   0x00000012   Code   RO         1841    .text.vTaskInternalSetTimeOutState  tasks.o
    0x08008d72   0x08008d72   0x00000002   PAD
    0x08008d74   0x08008d74   0x0000000e   Code   RO         1845    .text.vTaskMissedYield  tasks.o
    0x08008d82   0x08008d82   0x00000002   PAD
    0x08008d84   0x08008d84   0x00000074   Code   RO         1829    .text.vTaskPlaceOnEventList  tasks.o
    0x08008df8   0x08008df8   0x0000007a   Code   RO         1833    .text.vTaskPlaceOnEventListRestricted  tasks.o
    0x08008e72   0x08008e72   0x00000002   PAD
    0x08008e74   0x08008e74   0x00000094   Code   RO         1831    .text.vTaskPlaceOnUnorderedEventList  tasks.o
    0x08008f08   0x08008f08   0x000000a2   Code   RO         1863    .text.vTaskPriorityDisinheritAfterTimeout  tasks.o
    0x08008faa   0x08008faa   0x00000002   PAD
    0x08008fac   0x08008fac   0x0000007a   Code   RO         1837    .text.vTaskRemoveFromUnorderedEventList  tasks.o
    0x08009026   0x08009026   0x00000002   PAD
    0x08009028   0x08009028   0x000000f0   Code   RO         1809    .text.vTaskStartScheduler  tasks.o
    0x08009118   0x08009118   0x00000010   Code   RO         1787    .text.vTaskSuspendAll  tasks.o
    0x08009128   0x08009128   0x000000bc   Code   RO         1803    .text.vTaskSwitchContext  tasks.o
    0x080091e4   0x080091e4   0x0000001c   Code   RO         1600    .text.xEventGroupCreate  event_groups.o
    0x08009200   0x08009200   0x0000004e   Code   RO         1598    .text.xEventGroupCreateStatic  event_groups.o
    0x0800924e   0x0800924e   0x00000002   PAD
    0x08009250   0x08009250   0x0000009e   Code   RO         1604    .text.xEventGroupSetBits  event_groups.o
    0x080092ee   0x080092ee   0x00000002   PAD
    0x080092f0   0x080092f0   0x00000012   Code   RO         1620    .text.xEventGroupSetBitsFromISR  event_groups.o
    0x08009302   0x08009302   0x00000002   PAD
    0x08009304   0x08009304   0x00000130   Code   RO         1606    .text.xEventGroupWaitBits  event_groups.o
    0x08009434   0x08009434   0x00000188   Code   RO         2135    .text.xPortStartScheduler  port.o
    0x080095bc   0x080095bc   0x0000002e   Code   RO         2151    .text.xPortSysTickHandler  port.o
    0x080095ea   0x080095ea   0x00000002   PAD
    0x080095ec   0x080095ec   0x00000096   Code   RO         1676    .text.xQueueCreateCountingSemaphore  queue.o
    0x08009682   0x08009682   0x00000002   PAD
    0x08009684   0x08009684   0x000000c2   Code   RO         1674    .text.xQueueCreateCountingSemaphoreStatic  queue.o
    0x08009746   0x08009746   0x00000002   PAD
    0x08009748   0x08009748   0x00000086   Code   RO         1656    .text.xQueueGenericCreate  queue.o
    0x080097ce   0x080097ce   0x00000002   PAD
    0x080097d0   0x080097d0   0x000000de   Code   RO         1654    .text.xQueueGenericCreateStatic  queue.o
    0x080098ae   0x080098ae   0x00000002   PAD
    0x080098b0   0x080098b0   0x000002bc   Code   RO         1668    .text.xQueueGenericSend  queue.o
    0x08009b6c   0x08009b6c   0x0000014a   Code   RO         1680    .text.xQueueGenericSendFromISR  queue.o
    0x08009cb6   0x08009cb6   0x00000002   PAD
    0x08009cb8   0x08009cb8   0x0000023e   Code   RO         1684    .text.xQueueReceive  queue.o
    0x08009ef6   0x08009ef6   0x00000002   PAD
    0x08009ef8   0x08009ef8   0x0000028a   Code   RO         1672    .text.xQueueSemaphoreTake  queue.o
    0x0800a182   0x0800a182   0x00000002   PAD
    0x0800a184   0x0800a184   0x00000096   Code   RO         1843    .text.xTaskCheckForTimeOut  tasks.o
    0x0800a21a   0x0800a21a   0x00000002   PAD
    0x0800a21c   0x0800a21c   0x00000060   Code   RO         1781    .text.xTaskCreate   tasks.o
    0x0800a27c   0x0800a27c   0x00000076   Code   RO         1775    .text.xTaskCreateStatic  tasks.o
    0x0800a2f2   0x0800a2f2   0x00000002   PAD
    0x0800a2f4   0x0800a2f4   0x0000001e   Code   RO         1857    .text.xTaskGetSchedulerState  tasks.o
    0x0800a312   0x0800a312   0x00000002   PAD
    0x0800a314   0x0800a314   0x0000000c   Code   RO         1817    .text.xTaskGetTickCount  tasks.o
    0x0800a320   0x0800a320   0x00000104   Code   RO         1815    .text.xTaskIncrementTick  tasks.o
    0x0800a424   0x0800a424   0x0000008a   Code   RO         1861    .text.xTaskPriorityDisinherit  tasks.o
    0x0800a4ae   0x0800a4ae   0x00000002   PAD
    0x0800a4b0   0x0800a4b0   0x00000092   Code   RO         1859    .text.xTaskPriorityInherit  tasks.o
    0x0800a542   0x0800a542   0x00000002   PAD
    0x0800a544   0x0800a544   0x00000072   Code   RO         1835    .text.xTaskRemoveFromEventList  tasks.o
    0x0800a5b6   0x0800a5b6   0x00000002   PAD
    0x0800a5b8   0x0800a5b8   0x000000ee   Code   RO         1789    .text.xTaskResumeAll  tasks.o
    0x0800a6a6   0x0800a6a6   0x00000002   PAD
    0x0800a6a8   0x0800a6a8   0x000000b4   Code   RO         1894    .text.xTimerCreateTimerTask  timers.o
    0x0800a75c   0x0800a75c   0x0000002a   Code   RO         1924    .text.xTimerPendFunctionCallFromISR  timers.o
    0x0800a786   0x0800a786   0x0000003e   Code   RO         2343    CL$$btod_d2e        c_w.l(btod.o)
    0x0800a7c4   0x0800a7c4   0x00000046   Code   RO         2345    CL$$btod_d2e_denorm_low  c_w.l(btod.o)
    0x0800a80a   0x0800a80a   0x00000060   Code   RO         2344    CL$$btod_d2e_norm_op1  c_w.l(btod.o)
    0x0800a86a   0x0800a86a   0x00000002   PAD
    0x0800a86c   0x0800a86c   0x00000338   Code   RO         2353    CL$$btod_div_common  c_w.l(btod.o)
    0x0800aba4   0x0800aba4   0x000000dc   Code   RO         2350    CL$$btod_e2e        c_w.l(btod.o)
    0x0800ac80   0x0800ac80   0x0000002a   Code   RO         2347    CL$$btod_ediv       c_w.l(btod.o)
    0x0800acaa   0x0800acaa   0x0000002a   Code   RO         2346    CL$$btod_emul       c_w.l(btod.o)
    0x0800acd4   0x0800acd4   0x00000244   Code   RO         2352    CL$$btod_mult_common  c_w.l(btod.o)
    0x0800af18   0x0800af18   0x00000030   Code   RO         2385    i.__ARM_fpclassify  m_wm.l(fpclassify.o)
    0x0800af48   0x0800af48   0x0000000e   Code   RO         2249    i._is_digit         c_w.l(__printf_wp.o)
    0x0800af56   0x0800af56   0x00000002   PAD
    0x0800af58   0x0800af58   0x0000002c   Code   RO         2368    locale$$code        c_w.l(lc_numeric_c.o)
    0x0800af84   0x0800af84   0x0000002c   Code   RO         2397    locale$$code        c_w.l(lc_ctype_c.o)
    0x0800afb0   0x0800afb0   0x0000001a   Code   RO         2471    x$fpl$fpinit        fz_wm.l(fpinit.o)
    0x0800afca   0x0800afca   0x00000004   Code   RO         2284    x$fpl$printf1       fz_wm.l(printf1.o)
    0x0800afce   0x0800afce   0x00000004   Code   RO         2286    x$fpl$printf2       fz_wm.l(printf2.o)
    0x0800afd2   0x0800afd2   0x00000000   Code   RO         2384    x$fpl$usenofp       fz_wm.l(usenofp.o)
    0x0800afd2   0x0800afd2   0x00000002   PAD
    0x0800afd4   0x0800afd4   0x00000008   Data   RO         2208    .constdata          c_w.l(_printf_wctomb.o)
    0x0800afdc   0x0800afdc   0x00000028   Data   RO         2237    .constdata          c_w.l(_printf_hex_int_ll_ptr.o)
    0x0800b004   0x0800b004   0x00000011   Data   RO         2257    .constdata          c_w.l(__printf_flags_ss_wp.o)
    0x0800b015   0x0800b015   0x00000026   Data   RO         2318    .constdata          c_w.l(_printf_fp_hex.o)
    0x0800b03b   0x0800b03b   0x00000001   PAD
    0x0800b03c   0x0800b03c   0x00000094   Data   RO         2341    .constdata          c_w.l(bigflt0.o)
    0x0800b0d0   0x0800b0d0   0x00000010   Data   RO         1399    .rodata.AHBPrescTable  system_stm32f4xx.o
    0x0800b0e0   0x0800b0e0   0x00000008   Data   RO         1400    .rodata.APBPrescTable  system_stm32f4xx.o
    0x0800b0e8   0x0800b0e8   0x00000018   Data   RO           79    .rodata.AVDataQueue_attributes  freertos.o
    0x0800b100   0x0800b100   0x00000018   Data   RO           80    .rodata.AVErrorQueue_attributes  freertos.o
    0x0800b118   0x0800b118   0x00000024   Data   RO           68    .rodata.BATdetectTask_attributes  freertos.o
    0x0800b13c   0x0800b13c   0x00000024   Data   RO           71    .rodata.CANreceiveTask_attributes  freertos.o
    0x0800b160   0x0800b160   0x00000024   Data   RO           78    .rodata.CPUTask_attributes  freertos.o
    0x0800b184   0x0800b184   0x00000024   Data   RO           70    .rodata.CanDataSendTask_attributes  freertos.o
    0x0800b1a8   0x0800b1a8   0x00000024   Data   RO           67    .rodata.CanErrorSendTas_attributes  freertos.o
    0x0800b1cc   0x0800b1cc   0x00000010   Data   RO           85    .rodata.CanReceiveEvent_attributes  freertos.o
    0x0800b1dc   0x0800b1dc   0x00000018   Data   RO           81    .rodata.CanReceiveQueue_attributes  freertos.o
    0x0800b1f4   0x0800b1f4   0x00000024   Data   RO           73    .rodata.DRSctrlTask_attributes  freertos.o
    0x0800b218   0x0800b218   0x00000228   Data   RO         1584    .rodata.F6x8        oledfont.o
    0x0800b440   0x0800b440   0x000005f0   Data   RO         1585    .rodata.F8X16       oledfont.o
    0x0800ba30   0x0800ba30   0x00000024   Data   RO           76    .rodata.HSD1diagnosTask_attributes  freertos.o
    0x0800ba54   0x0800ba54   0x00000024   Data   RO           77    .rodata.HSD2diagnosTask_attributes  freertos.o
    0x0800ba78   0x0800ba78   0x00000024   Data   RO           72    .rodata.HSDctrlTask_attributes  freertos.o
    0x0800ba9c   0x0800ba9c   0x00000010   Data   RO           84    .rodata.MonitorAnalyzeEvent_attributes  freertos.o
    0x0800baac   0x0800baac   0x00000024   Data   RO           69    .rodata.OLEDmonitorTask_attributes  freertos.o
    0x0800bad0   0x0800bad0   0x00000010   Data   RO           83    .rodata.OLEDoccupiedSem_attributes  freertos.o
    0x0800bae0   0x0800bae0   0x00000018   Data   RO           82    .rodata.OLEDtoCANerrorSend_attributes  freertos.o
    0x0800baf8   0x0800baf8   0x00000024   Data   RO           75    .rodata.StandbyTask_attributes  freertos.o
    0x0800bb1c   0x0800bb1c   0x00000024   Data   RO           74    .rodata.WakeupTask_attributes  freertos.o
    0x0800bb40   0x0800bb40   0x00000008   Data   RO          525    .rodata.cst8        stm32f4xx_hal_dma.o
    0x0800bb48   0x0800bb48   0x00000114   Data   RO           66    .rodata.str1.1      freertos.o
    0x0800bc5c   0x0800bc5c   0x00000097   Data   RO         1417    .rodata.str1.1      can_app.o
    0x0800bcf3   0x0800bcf3   0x00000022   Data   RO         1446    .rodata.str1.1      monitor_app.o
    0x0800bd15   0x0800bd15   0x00000032   Data   RO         1475    .rodata.str1.1      hsd_drive.o
    0x0800bd47   0x0800bd47   0x00000025   Data   RO         1565    .rodata.str1.1      oled.o
    0x0800bd6c   0x0800bd6c   0x00000005   Data   RO         1934    .rodata.str1.1      timers.o
    0x0800bd71   0x0800bd71   0x00000003   PAD
    0x0800bd74   0x0800bd74   0x00000020   Data   RO         2532    Region$$Table       anon$$obj.o
    0x0800bd94   0x0800bd94   0x0000001c   Data   RO         2367    locale$$data        c_w.l(lc_numeric_c.o)
    0x0800bdb0   0x0800bdb0   0x00000110   Data   RO         2396    locale$$data        c_w.l(lc_ctype_c.o)


    Execution Region RW_IRAM1 (Exec base: 0x20000000, Load base: 0x0800bec0, Size: 0x00005970, Max: 0x0001c000, ABSOLUTE)

    Exec Addr    Load Addr    Size         Type   Attr      Idx    E Section Name        Object

    0x20000000   0x0800bec0   0x00000008   Data   RW          699    .data..L_MergedGlobals  stm32f4xx_hal.o
    0x20000008   0x0800bec8   0x0000001c   Data   RW         1428    .data..L_MergedGlobals  oled_app.o
    0x20000024   0x0800bee4   0x00000004   Data   RW         1398    .data.SystemCoreClock  system_stm32f4xx.o
    0x20000028   0x0800bee8   0x00000004   Data   RW         2155    .data.uxCriticalNesting  port.o
    0x2000002c   0x0800beec   0x00000004   PAD
    0x20000030        -       0x00000060   Zero   RW         2388    .bss                c_w.l(libspace.o)
    0x20000090        -       0x0000004c   Zero   RW           86    .bss..L_MergedGlobals  freertos.o
    0x200000dc        -       0x00000016   Zero   RW         1476    .bss..L_MergedGlobals  hsd_drive.o
    0x200000f2   0x0800beec   0x00000002   PAD
    0x200000f4        -       0x00000078   Zero   RW         1884    .bss..L_MergedGlobals  tasks.o
    0x2000016c        -       0x0000003c   Zero   RW         1935    .bss..L_MergedGlobals  timers.o
    0x200001a8        -       0x00000020   Zero   RW         2120    .bss..L_MergedGlobals  heap_4.o
    0x200001c8        -       0x00000008   Zero   RW         2156    .bss..L_MergedGlobals  port.o
    0x200001d0        -       0x00000028   Zero   RW         1885    .bss..L_MergedGlobals.2  tasks.o
    0x200001f8        -       0x00000004   Zero   RW         1576    .bss.ADC1_Data      voltage_monitor.o
    0x200001fc        -       0x00000004   Zero   RW         2094    .bss.KernelState    cmsis_os2.o
    0x20000200        -       0x00000410   Zero   RW         1564    .bss.OLED_RAM       oled.o
    0x20000610        -       0x0000001c   Zero   RW         1492    .bss.RxHeader       mycan.o
    0x2000062c        -       0x00000100   Zero   RW         1504    .bss.TxBuf          myusart.o
    0x2000072c        -       0x00000018   Zero   RW         1491    .bss.TxHeader       mycan.o
    0x20000744        -       0x00000048   Zero   RW          105    .bss.hadc1          adc.o
    0x2000078c        -       0x00000048   Zero   RW          106    .bss.hadc2          adc.o
    0x200007d4        -       0x00000048   Zero   RW          107    .bss.hadc3          adc.o
    0x2000081c        -       0x00000028   Zero   RW          125    .bss.hcan1          can.o
    0x20000844        -       0x00000060   Zero   RW          108    .bss.hdma_adc1      adc.o
    0x200008a4        -       0x00000060   Zero   RW          109    .bss.hdma_adc2      adc.o
    0x20000904        -       0x00000060   Zero   RW          110    .bss.hdma_adc3      adc.o
    0x20000964        -       0x00000054   Zero   RW          149    .bss.hi2c1          i2c.o
    0x200009b8        -       0x00000048   Zero   RW          247    .bss.htim14         stm32f4xx_hal_timebase_tim.o
    0x20000a00        -       0x00000048   Zero   RW          170    .bss.htim3          tim.o
    0x20000a48        -       0x00000048   Zero   RW          171    .bss.htim4          tim.o
    0x20000a90        -       0x00000048   Zero   RW          172    .bss.htim6          tim.o
    0x20000ad8        -       0x00000048   Zero   RW          187    .bss.huart1         usart.o
    0x20000b20        -       0x000000a0   Zero   RW         1933    .bss.prvCheckForValidListAndQueue.ucStaticTimerQueueStorage  timers.o
    0x20000bc0        -       0x00000050   Zero   RW         1932    .bss.prvCheckForValidListAndQueue.xStaticTimerQueue  timers.o
    0x20000c10        -       0x00000460   Zero   RW         1883    .bss.pxReadyTasksLists  tasks.o
    0x20001070        -       0x00003c00   Zero   RW         2119    .bss.ucHeap         heap_4.o
    0x20004c70        -       0x00000004   Zero   RW          698    .bss.uwTick         stm32f4xx_hal.o
    0x20004c74        -       0x00000200   Zero   RW         2096    .bss.vApplicationGetIdleTaskMemory.Idle_Stack  cmsis_os2.o
    0x20004e74        -       0x0000005c   Zero   RW         2095    .bss.vApplicationGetIdleTaskMemory.Idle_TCB  cmsis_os2.o
    0x20004ed0        -       0x00000400   Zero   RW         2098    .bss.vApplicationGetTimerTaskMemory.Timer_Stack  cmsis_os2.o
    0x200052d0        -       0x0000005c   Zero   RW         2097    .bss.vApplicationGetTimerTaskMemory.Timer_TCB  cmsis_os2.o
    0x2000532c        -       0x00000040   Zero   RW         1718    .bss.xQueueRegistry  queue.o
    0x2000536c   0x0800beec   0x00000004   PAD
    0x20005370        -       0x00000200   Zero   RW            2    HEAP                startup_stm32f407xx.o
    0x20005570        -       0x00000400   Zero   RW            1    STACK               startup_stm32f407xx.o


    Execution Region RW_IRAM2 (Exec base: 0x2001c000, Load base: 0x0800bef0, Size: 0x00000000, Max: 0x00004000, ABSOLUTE)

    **** No section assigned to this execution region ****


==============================================================================

Image component sizes


      Code (inc. data)   RO Data    RW Data    ZI Data      Debug   Object Name

      1108          0          0          0        504       7026   adc.o
       190          0          0          0         40       6425   can.o
      1786        124        151          0          0       5881   can_app.o
       730          0          0          0       1724      42662   cmsis_os2.o
        88          0          0          0          0       3513   dma.o
       590          0          0          0          0      11122   event_groups.o
       870         40        852          0         76       8967   freertos.o
       388          0          0          0          0       4453   gpio.o
       712          0          0          0      15392       5753   heap_4.o
      1168         10         50          0         22       5401   hsd_drive.o
       174          0          0          0         84       5482   i2c.o
       190          0          0          0          0       2364   list.o
       322          0          0          0          0       6968   main.o
      2210         12         34          0          0       7145   monitor_app.o
       170          0          0          0         52       2969   mycan.o
        84          0          0          0        256       1682   myusart.o
      2358          0         37          0       1040      37397   oled.o
      1352         92          0         28          0       3369   oled_app.o
         0          0       2072          0          0        724   oledfont.o
       994         16          0          4          8       4391   port.o
      3534          0          0          0         64      29173   queue.o
       246         20          0          0          0       3105   standby.o
        64         26        392          0       1536        844   startup_stm32f407xx.o
        92          0          0          8          4       7344   stm32f4xx_hal.o
      1338          0          0          0          0      12309   stm32f4xx_hal_adc.o
      1698          6          0          0          0      13867   stm32f4xx_hal_can.o
       152          0          0          0          0      10602   stm32f4xx_hal_cortex.o
      1106          6          8          0          0      10775   stm32f4xx_hal_dma.o
       456          0          0          0          0       5372   stm32f4xx_hal_gpio.o
      1876          0          0          0          0      43907   stm32f4xx_hal_i2c.o
        66          0          0          0          0       3576   stm32f4xx_hal_msp.o
        70          0          0          0          0       4652   stm32f4xx_hal_pwr.o
      1544          0          0          0          0       7424   stm32f4xx_hal_rcc.o
      2276          6          0          0          0      55613   stm32f4xx_hal_tim.o
       190          0          0          0          0      21063   stm32f4xx_hal_tim_ex.o
       188          0          0          0         72       7276   stm32f4xx_hal_timebase_tim.o
       710          0          0          0          0      32143   stm32f4xx_hal_uart.o
        90          0          0          0          0       6711   stm32f4xx_it.o
        18          0         24          4          0       2688   system_stm32f4xx.o
      3706          8          0          0       1280      42604   tasks.o
       618          0          0          0        216       9568   tim.o
      1128         20          5          0        300      16466   timers.o
       168          0          0          0         72       5293   usart.o
        22          0          0          0          4       3366   voltage_monitor.o

    ----------------------------------------------------------------------
     37114        406       3660         44      22756     529435   Object Totals
         0          0         32          0          0          0   (incl. Generated)
       274         20          3          0         10          0   (incl. Padding)

    ----------------------------------------------------------------------

      Code (inc. data)   RO Data    RW Data    ZI Data      Debug   Library Member Name

         8          0          0          0          0         68   __main.o
       392          4         17          0          0         92   __printf_flags_ss_wp.o
        14          0          0          0          0         68   __printf_wp.o
         0          0          0          0          0          0   __rtentry.o
        12          0          0          0          0          0   __rtentry2.o
         6          0          0          0          0          0   __rtentry4.o
        94          8          0          0          0          0   __scatter.o
        26          0          0          0          0          0   __scatter_copy.o
        28          0          0          0          0          0   __scatter_zi.o
        72          0          0          0          0         96   _c16rtomb.o
         6          0          0          0          0          0   _printf_a.o
         6          0          0          0          0          0   _printf_c.o
        44          0          0          0          0        108   _printf_char.o
        48          6          0          0          0         96   _printf_char_common.o
        40          0          0          0          0         68   _printf_charcount.o
         6          0          0          0          0          0   _printf_d.o
       120         16          0          0          0         92   _printf_dec.o
         6          0          0          0          0          0   _printf_e.o
         6          0          0          0          0          0   _printf_f.o
      1052          0          0          0          0        148   _printf_fp_dec.o
       764          8         38          0          0        100   _printf_fp_hex.o
       128         16          0          0          0         84   _printf_fp_infnan.o
         6          0          0          0          0          0   _printf_g.o
       148          4         40          0          0        160   _printf_hex_int_ll_ptr.o
         6          0          0          0          0          0   _printf_i.o
       178          0          0          0          0         88   _printf_intcommon.o
        10          0          0          0          0          0   _printf_l.o
         6          0          0          0          0          0   _printf_lc.o
        10          0          0          0          0          0   _printf_ll.o
         6          0          0          0          0          0   _printf_lld.o
         6          0          0          0          0          0   _printf_lli.o
         6          0          0          0          0          0   _printf_llo.o
         6          0          0          0          0          0   _printf_llu.o
         6          0          0          0          0          0   _printf_llx.o
       124         16          0          0          0         92   _printf_longlong_dec.o
         6          0          0          0          0          0   _printf_ls.o
         6          0          0          0          0          0   _printf_n.o
         6          0          0          0          0          0   _printf_o.o
       112          8          0          0          0        124   _printf_oct_int_ll.o
         6          0          0          0          0          0   _printf_p.o
        78          0          0          0          0        108   _printf_pad.o
         0          0          0          0          0          0   _printf_percent.o
         4          0          0          0          0          0   _printf_percent_end.o
         6          0          0          0          0          0   _printf_s.o
        82          0          0          0          0         80   _printf_str.o
        36          0          0          0          0         84   _printf_truncate.o
         6          0          0          0          0          0   _printf_u.o
        44          0          0          0          0        108   _printf_wchar.o
       188          6          8          0          0         92   _printf_wctomb.o
         6          0          0          0          0          0   _printf_x.o
        16          0          0          0          0         68   _snputc.o
        16          0          0          0          0         68   aeabi_memset4.o
       228          4        148          0          0         96   bigflt0.o
      1936        128          0          0          0        668   btod.o
        18          0          0          0          0         80   exit.o
         6          0          0          0          0        152   heapauxi.o
         0          0          0          0          0          0   indicate_semi.o
        44         10        272          0          0         76   lc_ctype_c.o
        44         10         28          0          0         76   lc_numeric_c.o
         2          0          0          0          0          0   libinit.o
        34          0          0          0          0          0   libinit2.o
         2          0          0          0          0          0   libshutdown.o
         2          0          0          0          0          0   libshutdown2.o
         8          4          0          0         96         68   libspace.o
       138          0          0          0          0         80   lludiv10.o
       240          0          0          0          0        100   lludivv7m.o
        16          4          0          0          0         76   rt_ctype_table.o
         8          4          0          0          0         68   rt_locale_intlibspace.o
        78          0          0          0          0         80   rt_memclr_w.o
       138          0          0          0          0         68   rt_memcpy_v6.o
       100          0          0          0          0         80   rt_memcpy_w.o
         2          0          0          0          0          0   rtexit.o
        10          0          0          0          0          0   rtexit2.o
       124          0          0          0          0         88   strcmpv7em.o
        62          0          0          0          0         76   strlen.o
        12          4          0          0          0         68   sys_exit.o
        74          0          0          0          0         80   sys_stackheap_outer.o
         2          0          0          0          0         68   use_no_semi.o
        60          4          0          0          0         80   vsnprintf.o
        26          0          0          0          0        116   fpinit.o
         4          0          0          0          0        116   printf1.o
         4          0          0          0          0        116   printf2.o
         0          0          0          0          0          0   usenofp.o
        48          0          0          0          0        124   fpclassify.o

    ----------------------------------------------------------------------
      7506        268        552          0         96       4792   Library Totals
        22          4          1          0          0          0   (incl. Padding)

    ----------------------------------------------------------------------

      Code (inc. data)   RO Data    RW Data    ZI Data      Debug   Library Name

      7402        264        551          0         96       4320   c_w.l
        34          0          0          0          0        348   fz_wm.l
        48          0          0          0          0        124   m_wm.l

    ----------------------------------------------------------------------
      7506        268        552          0         96       4792   Library Totals

    ----------------------------------------------------------------------

==============================================================================


      Code (inc. data)   RO Data    RW Data    ZI Data      Debug   

     44620        674       4212         44      22852     530935   Grand Totals
     44620        674       4212         44      22852     530935   ELF Image Totals
     44620        674       4212         44          0          0   ROM Totals

==============================================================================

    Total RO  Size (Code + RO Data)                48832 (  47.69kB)
    Total RW  Size (RW Data + ZI Data)             22896 (  22.36kB)
    Total ROM Size (Code + RO Data + RW Data)      48876 (  47.73kB)

==============================================================================

